Archive member included to satisfy reference by file (symbol)

c:/program files/stm32cubeide_1.10.1/stm32cubeide/plugins/com.st.stm32cube.ide.mcu.externaltools.gnu-tools-for-stm32.10.3-2021.10.win32_1.0.0.202111181127/tools/bin/../lib/gcc/arm-none-eabi/10.3.1/../../../../arm-none-eabi/lib/thumb/v7e-m+fp/hard\libc_nano.a(lib_a-errno.o)
                              ./Core/Src/syscalls.o (__errno)
c:/program files/stm32cubeide_1.10.1/stm32cubeide/plugins/com.st.stm32cube.ide.mcu.externaltools.gnu-tools-for-stm32.10.3-2021.10.win32_1.0.0.202111181127/tools/bin/../lib/gcc/arm-none-eabi/10.3.1/../../../../arm-none-eabi/lib/thumb/v7e-m+fp/hard\libc_nano.a(lib_a-exit.o)
                              c:/program files/stm32cubeide_1.10.1/stm32cubeide/plugins/com.st.stm32cube.ide.mcu.externaltools.gnu-tools-for-stm32.10.3-2021.10.win32_1.0.0.202111181127/tools/bin/../lib/gcc/arm-none-eabi/10.3.1/../../../../arm-none-eabi/lib/thumb/v7e-m+fp/hard/crt0.o (exit)
c:/program files/stm32cubeide_1.10.1/stm32cubeide/plugins/com.st.stm32cube.ide.mcu.externaltools.gnu-tools-for-stm32.10.3-2021.10.win32_1.0.0.202111181127/tools/bin/../lib/gcc/arm-none-eabi/10.3.1/../../../../arm-none-eabi/lib/thumb/v7e-m+fp/hard\libc_nano.a(lib_a-findfp.o)
                              ./Middlewares/Third_Party/FreeRTOS/Source/tasks.o (__sf_fake_stderr)
c:/program files/stm32cubeide_1.10.1/stm32cubeide/plugins/com.st.stm32cube.ide.mcu.externaltools.gnu-tools-for-stm32.10.3-2021.10.win32_1.0.0.202111181127/tools/bin/../lib/gcc/arm-none-eabi/10.3.1/../../../../arm-none-eabi/lib/thumb/v7e-m+fp/hard\libc_nano.a(lib_a-fwalk.o)
                              c:/program files/stm32cubeide_1.10.1/stm32cubeide/plugins/com.st.stm32cube.ide.mcu.externaltools.gnu-tools-for-stm32.10.3-2021.10.win32_1.0.0.202111181127/tools/bin/../lib/gcc/arm-none-eabi/10.3.1/../../../../arm-none-eabi/lib/thumb/v7e-m+fp/hard\libc_nano.a(lib_a-findfp.o) (_fwalk)
c:/program files/stm32cubeide_1.10.1/stm32cubeide/plugins/com.st.stm32cube.ide.mcu.externaltools.gnu-tools-for-stm32.10.3-2021.10.win32_1.0.0.202111181127/tools/bin/../lib/gcc/arm-none-eabi/10.3.1/../../../../arm-none-eabi/lib/thumb/v7e-m+fp/hard\libc_nano.a(lib_a-impure.o)
                              c:/program files/stm32cubeide_1.10.1/stm32cubeide/plugins/com.st.stm32cube.ide.mcu.externaltools.gnu-tools-for-stm32.10.3-2021.10.win32_1.0.0.202111181127/tools/bin/../lib/gcc/arm-none-eabi/10.3.1/../../../../arm-none-eabi/lib/thumb/v7e-m+fp/hard\libc_nano.a(lib_a-exit.o) (_global_impure_ptr)
c:/program files/stm32cubeide_1.10.1/stm32cubeide/plugins/com.st.stm32cube.ide.mcu.externaltools.gnu-tools-for-stm32.10.3-2021.10.win32_1.0.0.202111181127/tools/bin/../lib/gcc/arm-none-eabi/10.3.1/../../../../arm-none-eabi/lib/thumb/v7e-m+fp/hard\libc_nano.a(lib_a-init.o)
                              c:/program files/stm32cubeide_1.10.1/stm32cubeide/plugins/com.st.stm32cube.ide.mcu.externaltools.gnu-tools-for-stm32.10.3-2021.10.win32_1.0.0.202111181127/tools/bin/../lib/gcc/arm-none-eabi/10.3.1/../../../../arm-none-eabi/lib/thumb/v7e-m+fp/hard/crt0.o (__libc_init_array)
c:/program files/stm32cubeide_1.10.1/stm32cubeide/plugins/com.st.stm32cube.ide.mcu.externaltools.gnu-tools-for-stm32.10.3-2021.10.win32_1.0.0.202111181127/tools/bin/../lib/gcc/arm-none-eabi/10.3.1/../../../../arm-none-eabi/lib/thumb/v7e-m+fp/hard\libc_nano.a(lib_a-lock.o)
                              c:/program files/stm32cubeide_1.10.1/stm32cubeide/plugins/com.st.stm32cube.ide.mcu.externaltools.gnu-tools-for-stm32.10.3-2021.10.win32_1.0.0.202111181127/tools/bin/../lib/gcc/arm-none-eabi/10.3.1/../../../../arm-none-eabi/lib/thumb/v7e-m+fp/hard\libc_nano.a(lib_a-findfp.o) (__retarget_lock_init_recursive)
c:/program files/stm32cubeide_1.10.1/stm32cubeide/plugins/com.st.stm32cube.ide.mcu.externaltools.gnu-tools-for-stm32.10.3-2021.10.win32_1.0.0.202111181127/tools/bin/../lib/gcc/arm-none-eabi/10.3.1/../../../../arm-none-eabi/lib/thumb/v7e-m+fp/hard\libc_nano.a(lib_a-memcmp.o)
                              ./Drivers/BSP/Components/es_wifi/es_wifi.o (memcmp)
c:/program files/stm32cubeide_1.10.1/stm32cubeide/plugins/com.st.stm32cube.ide.mcu.externaltools.gnu-tools-for-stm32.10.3-2021.10.win32_1.0.0.202111181127/tools/bin/../lib/gcc/arm-none-eabi/10.3.1/../../../../arm-none-eabi/lib/thumb/v7e-m+fp/hard\libc_nano.a(lib_a-memcpy-stub.o)
                              ./Drivers/BSP/Components/M24SR/m24sr_v1.1.o (memcpy)
c:/program files/stm32cubeide_1.10.1/stm32cubeide/plugins/com.st.stm32cube.ide.mcu.externaltools.gnu-tools-for-stm32.10.3-2021.10.win32_1.0.0.202111181127/tools/bin/../lib/gcc/arm-none-eabi/10.3.1/../../../../arm-none-eabi/lib/thumb/v7e-m+fp/hard\libc_nano.a(lib_a-memset.o)
                              c:/program files/stm32cubeide_1.10.1/stm32cubeide/plugins/com.st.stm32cube.ide.mcu.externaltools.gnu-tools-for-stm32.10.3-2021.10.win32_1.0.0.202111181127/tools/bin/../lib/gcc/arm-none-eabi/10.3.1/../../../../arm-none-eabi/lib/thumb/v7e-m+fp/hard/crt0.o (memset)
[...]
Memory Configuration

Name             Origin             Length             Attributes
RAM              0x0000000020000000 0x0000000000018000 xrw
RAM2             0x0000000010000000 0x0000000000008000 xrw
FLASH            0x0000000008000000 0x0000000000100000 xr
*default*        0x0000000000000000 0xffffffffffffffff

Linker script and memory map

LOAD c:/program files/stm32cubeide_1.10.1/stm32cubeide/plugins/com.st.stm32cube.ide.mcu.externaltools.gnu-tools-for-stm32.10.3-2021.10.win32_1.0.0.202111181127/tools/bin/../lib/gcc/arm-none-eabi/10.3.1/thumb/v7e-m+fp/hard/crti.o
LOAD c:/program files/stm32cubeide_1.10.1/stm32cubeide/plugins/com.st.stm32cube.ide.mcu.externaltools.gnu-tools-for-stm32.10.3-2021.10.win32_1.0.0.202111181127/tools/bin/../lib/gcc/arm-none-eabi/10.3.1/thumb/v7e-m+fp/hard/crtbegin.o
LOAD c:/program files/stm32cubeide_1.10.1/stm32cubeide/plugins/com.st.stm32cube.ide.mcu.externaltools.gnu-tools-for-stm32.10.3-2021.10.win32_1.0.0.202111181127/tools/bin/../lib/gcc/arm-none-eabi/10.3.1/../../../../arm-none-eabi/lib/thumb/v7e-m+fp/hard/crt0.o
LOAD ./Core/Src/freertos.o
LOAD ./Core/Src/main.o
LOAD ./Core/Src/sensorIO.o
LOAD ./Core/Src/stm32l4xx_hal_msp.o
LOAD ./Core/Src/stm32l4xx_hal_timebase_tim.o
LOAD ./Core/Src/stm32l4xx_it.o
LOAD ./Core/Src/syscalls.o
LOAD ./Core/Src/sysmem.o
LOAD ./Core/Src/system_stm32l4xx.o
LOAD ./Core/Startup/startup_stm32l475vgtx.o
LOAD ./Drivers/BSP/B-L475E-IOT01/stm32l475e_iot01.o
LOAD ./Drivers/BSP/B-L475E-IOT01/stm32l475e_iot01_accelero.o
LOAD ./Drivers/BSP/B-L475E-IOT01/stm32l475e_iot01_gyro.o
LOAD ./Drivers/BSP/B-L475E-IOT01/stm32l475e_iot01_hsensor.o
LOAD ./Drivers/BSP/B-L475E-IOT01/stm32l475e_iot01_magneto.o
LOAD ./Drivers/BSP/B-L475E-IOT01/stm32l475e_iot01_psensor.o
LOAD ./Drivers/BSP/B-L475E-IOT01/stm32l475e_iot01_tsensor.o
LOAD ./Drivers/BSP/Components/M24SR/m24sr_v1.1.o
LOAD ./Drivers/BSP/Components/es_wifi/es_wifi.o
LOAD ./Drivers/BSP/Components/hts221/hts221.o
LOAD ./Drivers/BSP/Components/lis3mdl/lis3mdl.o
LOAD ./Drivers/BSP/Components/lps22hb/lps22hb.o
LOAD ./Drivers/BSP/Components/lsm6dsl/lsm6dsl.o
LOAD ./Drivers/STM32L4xx_HAL_Driver/Src/stm32l4xx_hal.o
LOAD ./Drivers/STM32L4xx_HAL_Driver/Src/stm32l4xx_hal_cortex.o
LOAD ./Drivers/STM32L4xx_HAL_Driver/Src/stm32l4xx_hal_dma.o
LOAD ./Drivers/STM32L4xx_HAL_Driver/Src/stm32l4xx_hal_dma_ex.o
LOAD ./Drivers/STM32L4xx_HAL_Driver/Src/stm32l4xx_hal_exti.o
LOAD ./Drivers/STM32L4xx_HAL_Driver/Src/stm32l4xx_hal_flash.o
LOAD ./Drivers/STM32L4xx_HAL_Driver/Src/stm32l4xx_hal_flash_ex.o
LOAD ./Drivers/STM32L4xx_HAL_Driver/Src/stm32l4xx_hal_flash_ramfunc.o
LOAD ./Drivers/STM32L4xx_HAL_Driver/Src/stm32l4xx_hal_gpio.o
LOAD ./Drivers/STM32L4xx_HAL_Driver/Src/stm32l4xx_hal_i2c.o
LOAD ./Drivers/STM32L4xx_HAL_Driver/Src/stm32l4xx_hal_i2c_ex.o
LOAD ./Drivers/STM32L4xx_HAL_Driver/Src/stm32l4xx_hal_pwr.o
LOAD ./Drivers/STM32L4xx_HAL_Driver/Src/stm32l4xx_hal_pwr_ex.o
LOAD ./Drivers/STM32L4xx_HAL_Driver/Src/stm32l4xx_hal_rcc.o
LOAD ./Drivers/STM32L4xx_HAL_Driver/Src/stm32l4xx_hal_rcc_ex.o
LOAD ./Drivers/STM32L4xx_HAL_Driver/Src/stm32l4xx_hal_tim.o
LOAD ./Drivers/STM32L4xx_HAL_Driver/Src/stm32l4xx_hal_tim_ex.o
LOAD ./Drivers/STM32L4xx_HAL_Driver/Src/stm32l4xx_hal_uart.o
LOAD ./Drivers/STM32L4xx_HAL_Driver/Src/stm32l4xx_hal_uart_ex.o
LOAD ./Middlewares/Third_Party/FreeRTOS/Source/CMSIS_RTOS/cmsis_os.o
LOAD ./Middlewares/Third_Party/FreeRTOS/Source/croutine.o
LOAD ./Middlewares/Third_Party/FreeRTOS/Source/event_groups.o
LOAD ./Middlewares/Third_Party/FreeRTOS/Source/list.o
LOAD ./Middlewares/Third_Party/FreeRTOS/Source/queue.o
LOAD ./Middlewares/Third_Party/FreeRTOS/Source/stream_buffer.o
LOAD ./Middlewares/Third_Party/FreeRTOS/Source/tasks.o
LOAD ./Middlewares/Third_Party/FreeRTOS/Source/timers.o
LOAD ./Middlewares/Third_Party/FreeRTOS/Source/portable/GCC/ARM_CM4F/port.o
LOAD ./Middlewares/Third_Party/FreeRTOS/Source/portable/MemMang/heap_4.o
START GROUP
LOAD c:/program files/stm32cubeide_1.10.1/stm32cubeide/plugins/com.st.stm32cube.ide.mcu.externaltools.gnu-tools-for-stm32.10.3-2021.10.win32_1.0.0.202111181127/tools/bin/../lib/gcc/arm-none-eabi/10.3.1/../../../../arm-none-eabi/lib/thumb/v7e-m+fp/hard\libc_nano.a
LOAD c:/program files/stm32cubeide_1.10.1/stm32cubeide/plugins/com.st.stm32cube.ide.mcu.externaltools.gnu-tools-for-stm32.10.3-2021.10.win32_1.0.0.202111181127/tools/bin/../lib/gcc/arm-none-eabi/10.3.1/../../../../arm-none-eabi/lib/thumb/v7e-m+fp/hard\libm.a
END GROUP
START GROUP
LOAD c:/program files/stm32cubeide_1.10.1/stm32cubeide/plugins/com.st.stm32cube.ide.mcu.externaltools.gnu-tools-for-stm32.10.3-2021.10.win32_1.0.0.202111181127/tools/bin/../lib/gcc/arm-none-eabi/10.3.1/thumb/v7e-m+fp/hard\libgcc.a
LOAD c:/program files/stm32cubeide_1.10.1/stm32cubeide/plugins/com.st.stm32cube.ide.mcu.externaltools.gnu-tools-for-stm32.10.3-2021.10.win32_1.0.0.202111181127/tools/bin/../lib/gcc/arm-none-eabi/10.3.1/../../../../arm-none-eabi/lib/thumb/v7e-m+fp/hard\libc_nano.a
END GROUP
START GROUP
LOAD c:/program files/stm32cubeide_1.10.1/stm32cubeide/plugins/com.st.stm32cube.ide.mcu.externaltools.gnu-tools-for-stm32.10.3-2021.10.win32_1.0.0.202111181127/tools/bin/../lib/gcc/arm-none-eabi/10.3.1/thumb/v7e-m+fp/hard\libgcc.a
LOAD c:/program files/stm32cubeide_1.10.1/stm32cubeide/plugins/com.st.stm32cube.ide.mcu.externaltools.gnu-tools-for-stm32.10.3-2021.10.win32_1.0.0.202111181127/tools/bin/../lib/gcc/arm-none-eabi/10.3.1/../../../../arm-none-eabi/lib/thumb/v7e-m+fp/hard\libc_nano.a
LOAD c:/program files/stm32cubeide_1.10.1/stm32cubeide/plugins/com.st.stm32cube.ide.mcu.externaltools.gnu-tools-for-stm32.10.3-2021.10.win32_1.0.0.202111181127/tools/bin/../lib/gcc/arm-none-eabi/10.3.1/../../../../arm-none-eabi/lib/thumb/v7e-m+fp/hard\libnosys.a
END GROUP
START GROUP
LOAD c:/program files/stm32cubeide_1.10.1/stm32cubeide/plugins/com.st.stm32cube.ide.mcu.externaltools.gnu-tools-for-stm32.10.3-2021.10.win32_1.0.0.202111181127/tools/bin/../lib/gcc/arm-none-eabi/10.3.1/thumb/v7e-m+fp/hard\libgcc.a
LOAD c:/program files/stm32cubeide_1.10.1/stm32cubeide/plugins/com.st.stm32cube.ide.mcu.externaltools.gnu-tools-for-stm32.10.3-2021.10.win32_1.0.0.202111181127/tools/bin/../lib/gcc/arm-none-eabi/10.3.1/../../../../arm-none-eabi/lib/thumb/v7e-m+fp/hard\libc_nano.a
LOAD c:/program files/stm32cubeide_1.10.1/stm32cubeide/plugins/com.st.stm32cube.ide.mcu.externaltools.gnu-tools-for-stm32.10.3-2021.10.win32_1.0.0.202111181127/tools/bin/../lib/gcc/arm-none-eabi/10.3.1/../../../../arm-none-eabi/lib/thumb/v7e-m+fp/hard\libnosys.a
END GROUP
LOAD c:/program files/stm32cubeide_1.10.1/stm32cubeide/plugins/com.st.stm32cube.ide.mcu.externaltools.gnu-tools-for-stm32.10.3-2021.10.win32_1.0.0.202111181127/tools/bin/../lib/gcc/arm-none-eabi/10.3.1/thumb/v7e-m+fp/hard/crtend.o
LOAD c:/program files/stm32cubeide_1.10.1/stm32cubeide/plugins/com.st.stm32cube.ide.mcu.externaltools.gnu-tools-for-stm32.10.3-2021.10.win32_1.0.0.202111181127/tools/bin/../lib/gcc/arm-none-eabi/10.3.1/thumb/v7e-m+fp/hard/crtn.o
                0x0000000020018000                _estack = (ORIGIN (RAM) + LENGTH (RAM))
                0x0000000000000200                _Min_Heap_Size = 0x200
                0x0000000000000400                _Min_Stack_Size = 0x400

.isr_vector     0x0000000008000000      0x188
                0x0000000008000000                . = ALIGN (0x4)
 *(.isr_vector)
 .isr_vector    0x0000000008000000      0x188 ./Core/Startup/startup_stm32l475vgtx.o
                0x0000000008000000                g_pfnVectors
                0x0000000008000188                . = ALIGN (0x4)

.text           0x0000000008000190     0xaefc
                0x0000000008000190                . = ALIGN (0x4)
 *(.text)
 .text          0x0000000008000190       0x40 c:/program files/stm32cubeide_1.10.1/stm32cubeide/plugins/com.st.stm32cube.ide.mcu.externaltools.gnu-tools-for-stm32.10.3-2021.10.win32_1.0.0.202111181127/tools/bin/../lib/gcc/arm-none-eabi/10.3.1/thumb/v7e-m+fp/hard/crtbegin.o
 .text          0x00000000080001d0       0x10 c:/program files/stm32cubeide_1.10.1/stm32cubeide/plugins/com.st.stm32cube.ide.mcu.externaltools.gnu-tools-for-stm32.10.3-2021.10.win32_1.0.0.202111181127/tools/bin/../lib/gcc/arm-none-eabi/10.3.1/../../../../arm-none-eabi/lib/thumb/v7e-m+fp/hard\libc_nano.a(lib_a-strlen.o)
                0x00000000080001d0                strlen
 .text          0x00000000080001e0       0xa0 c:/program files/stm32cubeide_1.10.1/stm32cubeide/plugins/com.st.stm32cube.ide.mcu.externaltools.gnu-tools-for-stm32.10.3-2021.10.win32_1.0.0.202111181127/tools/bin/../lib/gcc/arm-none-eabi/10.3.1/../../../../arm-none-eabi/lib/thumb/v7e-m+fp/hard\libc_nano.a(lib_a-memchr.o)
                0x00000000080001e0                memchr
 .text          0x0000000008000280      0x378 c:/program files/stm32cubeide_1.10.1/stm32cubeide/plugins/com.st.stm32cube.ide.mcu.externaltools.gnu-tools-for-stm32.10.3-2021.10.win32_1.0.0.202111181127/tools/bin/../lib/gcc/arm-none-eabi/10.3.1/thumb/v7e-m+fp/hard\libgcc.a(_arm_addsubdf3.o)
                0x0000000008000280                __aeabi_drsub
                0x0000000008000288                __aeabi_dsub
                0x0000000008000288                __subdf3
                0x000000000800028c                __aeabi_dadd
                0x000000000800028c                __adddf3
                0x0000000008000504                __floatunsidf
                0x0000000008000504                __aeabi_ui2d
                0x0000000008000524                __floatsidf
                0x0000000008000524                __aeabi_i2d
                0x0000000008000548                __aeabi_f2d
                0x0000000008000548                __extendsfdf2
                0x000000000800058c                __floatundidf
                0x000000000800058c                __aeabi_ul2d
                0x000000000800059c                __floatdidf
                0x000000000800059c                __aeabi_l2d
 .text          0x00000000080005f8      0x424 c:/program files/stm32cubeide_1.10.1/stm32cubeide/plugins/com.st.stm32cube.ide.mcu.externaltools.gnu-tools-for-stm32.10.3-2021.10.win32_1.0.0.202111181127/tools/bin/../lib/gcc/arm-none-eabi/10.3.1/thumb/v7e-m+fp/hard\libgcc.a(_arm_muldivdf3.o)
                0x00000000080005f8                __aeabi_dmul
                0x00000000080005f8                __muldf3
                0x000000000800084c                __divdf3
                0x000000000800084c                __aeabi_ddiv
 .text          0x0000000008000a1c      0x110 c:/program files/stm32cubeide_1.10.1/stm32cubeide/plugins/com.st.stm32cube.ide.mcu.externaltools.gnu-tools-for-stm32.10.3-2021.10.win32_1.0.0.202111181127/tools/bin/../lib/gcc/arm-none-eabi/10.3.1/thumb/v7e-m+fp/hard\libgcc.a(_arm_cmpdf2.o)
                0x0000000008000a1c                __gtdf2
                0x0000000008000a1c                __gedf2
                0x0000000008000a24                __ltdf2
                0x0000000008000a24                __ledf2
                0x0000000008000a2c                __nedf2
                0x0000000008000a2c                __eqdf2
                0x0000000008000a2c                __cmpdf2
                0x0000000008000aa8                __aeabi_cdrcmple
                0x0000000008000ab8                __aeabi_cdcmpeq
                0x0000000008000ab8                __aeabi_cdcmple
                0x0000000008000ac8                __aeabi_dcmpeq
                0x0000000008000adc                __aeabi_dcmplt
                0x0000000008000af0                __aeabi_dcmple
                0x0000000008000b04                __aeabi_dcmpge
                0x0000000008000b18                __aeabi_dcmpgt
 .text          0x0000000008000b2c       0x2c c:/program files/stm32cubeide_1.10.1/stm32cubeide/plugins/com.st.stm32cube.ide.mcu.externaltools.gnu-tools-for-stm32.10.3-2021.10.win32_1.0.0.202111181127/tools/bin/../lib/gcc/arm-none-eabi/10.3.1/thumb/v7e-m+fp/hard\libgcc.a(_arm_unorddf2.o)
                0x0000000008000b2c                __unorddf2
                0x0000000008000b2c                __aeabi_dcmpun
 .text          0x0000000008000b58       0x50 c:/program files/stm32cubeide_1.10.1/stm32cubeide/plugins/com.st.stm32cube.ide.mcu.externaltools.gnu-tools-for-stm32.10.3-2021.10.win32_1.0.0.202111181127/tools/bin/../lib/gcc/arm-none-eabi/10.3.1/thumb/v7e-m+fp/hard\libgcc.a(_arm_fixdfsi.o)
                0x0000000008000b58                __aeabi_d2iz
                0x0000000008000b58                __fixdfsi
 .text          0x0000000008000ba8       0x30 c:/program files/stm32cubeide_1.10.1/stm32cubeide/plugins/com.st.stm32cube.ide.mcu.externaltools.gnu-tools-for-stm32.10.3-2021.10.win32_1.0.0.202111181127/tools/bin/../lib/gcc/arm-none-eabi/10.3.1/thumb/v7e-m+fp/hard\libgcc.a(_aeabi_uldivmod.o)
                0x0000000008000ba8                __aeabi_uldivmod
 .text          0x0000000008000bd8      0x2d0 c:/program files/stm32cubeide_1.10.1/stm32cubeide/plugins/com.st.stm32cube.ide.mcu.externaltools.gnu-tools-for-stm32.10.3-2021.10.win32_1.0.0.202111181127/tools/bin/../lib/gcc/arm-none-eabi/10.3.1/thumb/v7e-m+fp/hard\libgcc.a(_udivmoddi4.o)
                0x0000000008000bd8                __udivmoddi4
 .text          0x0000000008000ea8        0x4 c:/program files/stm32cubeide_1.10.1/stm32cubeide/plugins/com.st.stm32cube.ide.mcu.externaltools.gnu-tools-for-stm32.10.3-2021.10.win32_1.0.0.202111181127/tools/bin/../lib/gcc/arm-none-eabi/10.3.1/thumb/v7e-m+fp/hard\libgcc.a(_dvmd_tls.o)
                0x0000000008000ea8                __aeabi_idiv0
                0x0000000008000ea8                __aeabi_ldiv0
 *(.text*)
 .text.vApplicationGetIdleTaskMemory
                0x0000000008000eac       0x34 ./Core/Src/freertos.o
                0x0000000008000eac                vApplicationGetIdleTaskMemory
 .text.__io_putchar
                0x0000000008000ee0       0x24 ./Core/Src/main.o
                0x0000000008000ee0                __io_putchar
 .text.main     0x0000000008000f04       0xec ./Core/Src/main.o
                0x0000000008000f04                main
 .text.SystemClock_Config
                0x0000000008000ff0       0xac ./Core/Src/main.o
                0x0000000008000ff0                SystemClock_Config
 .text.MX_I2C2_Init
                0x000000000800109c       0x7c ./Core/Src/main.o
 .text.MX_USART1_UART_Init
                0x0000000008001118       0x94 ./Core/Src/main.o
 .text.MX_GPIO_Init
                0x00000000080011ac       0xe0 ./Core/Src/main.o
 .text.StartDefaultTask
                0x000000000800128c       0x38 ./Core/Src/main.o
                0x000000000800128c                StartDefaultTask
 .text.StartBlinkLed
                0x00000000080012c4       0x9c ./Core/Src/main.o
                0x00000000080012c4                StartBlinkLed
 .text.Start_RnT_Sensor
                0x0000000008001360       0xa8 ./Core/Src/main.o
                0x0000000008001360                Start_RnT_Sensor
 .text.StartInt_But
                0x0000000008001408       0xb8 ./Core/Src/main.o
                0x0000000008001408                StartInt_But
 .text.HAL_TIM_PeriodElapsedCallback
                0x00000000080014c0       0x24 ./Core/Src/main.o
                0x00000000080014c0                HAL_TIM_PeriodElapsedCallback
 .text.Error_Handler
                0x00000000080014e4        0xa ./Core/Src/main.o
                0x00000000080014e4                Error_Handler
 *fill*         0x00000000080014ee        0x2 
 .text.Read_Acc
                0x00000000080014f0       0x7c ./Core/Src/sensorIO.o
                0x00000000080014f0                Read_Acc
 .text.Read_Temp
                0x000000000800156c       0x1e ./Core/Src/sensorIO.o
                0x000000000800156c                Read_Temp
 *fill*         0x000000000800158a        0x2 
 .text.HAL_MspInit
                0x000000000800158c       0x50 ./Core/Src/stm32l4xx_hal_msp.o
                0x000000000800158c                HAL_MspInit
 .text.HAL_I2C_MspInit
                0x00000000080015dc       0xbc ./Core/Src/stm32l4xx_hal_msp.o
                0x00000000080015dc                HAL_I2C_MspInit
 .text.HAL_I2C_MspDeInit
                0x0000000008001698       0x48 ./Core/Src/stm32l4xx_hal_msp.o
                0x0000000008001698                HAL_I2C_MspDeInit
 .text.HAL_UART_MspInit
                0x00000000080016e0       0xbc ./Core/Src/stm32l4xx_hal_msp.o
                0x00000000080016e0                HAL_UART_MspInit
 .text.HAL_InitTick
                0x000000000800179c       0xdc ./Core/Src/stm32l4xx_hal_timebase_tim.o
                0x000000000800179c                HAL_InitTick
 .text.NMI_Handler
                0x0000000008001878        0x6 ./Core/Src/stm32l4xx_it.o
                0x0000000008001878                NMI_Handler
 .text.HardFault_Handler
                0x000000000800187e        0x6 ./Core/Src/stm32l4xx_it.o
                0x000000000800187e                HardFault_Handler
 .text.MemManage_Handler
                0x0000000008001884        0x6 ./Core/Src/stm32l4xx_it.o
                0x0000000008001884                MemManage_Handler
 .text.BusFault_Handler
                0x000000000800188a        0x6 ./Core/Src/stm32l4xx_it.o
                0x000000000800188a                BusFault_Handler
 .text.UsageFault_Handler
                0x0000000008001890        0x6 ./Core/Src/stm32l4xx_it.o
                0x0000000008001890                UsageFault_Handler
 .text.DebugMon_Handler
                0x0000000008001896        0xe ./Core/Src/stm32l4xx_it.o
                0x0000000008001896                DebugMon_Handler
 .text.TIM1_UP_TIM16_IRQHandler
                0x00000000080018a4       0x14 ./Core/Src/stm32l4xx_it.o
                0x00000000080018a4                TIM1_UP_TIM16_IRQHandler
 .text.EXTI15_10_IRQHandler
                0x00000000080018b8       0x40 ./Core/Src/stm32l4xx_it.o
                0x00000000080018b8                EXTI15_10_IRQHandler
 .text._getpid  0x00000000080018f8       0x10 ./Core/Src/syscalls.o
                0x00000000080018f8                _getpid
 .text._kill    0x0000000008001908       0x20 ./Core/Src/syscalls.o
                0x0000000008001908                _kill
 .text._exit    0x0000000008001928       0x14 ./Core/Src/syscalls.o
                0x0000000008001928                _exit
 .text._read    0x000000000800193c       0x3a ./Core/Src/syscalls.o
                0x000000000800193c                _read
 .text._write   0x0000000008001976       0x38 ./Core/Src/syscalls.o
                0x0000000008001976                _write
 .text._close   0x00000000080019ae       0x18 ./Core/Src/syscalls.o
                0x00000000080019ae                _close
 .text._fstat   0x00000000080019c6       0x20 ./Core/Src/syscalls.o
                0x00000000080019c6                _fstat
 .text._isatty  0x00000000080019e6       0x16 ./Core/Src/syscalls.o
                0x00000000080019e6                _isatty
 .text._lseek   0x00000000080019fc       0x1a ./Core/Src/syscalls.o
                0x00000000080019fc                _lseek
 *fill*         0x0000000008001a16        0x2 
 .text._sbrk    0x0000000008001a18       0x6c ./Core/Src/sysmem.o
                0x0000000008001a18                _sbrk
 .text.SystemInit
                0x0000000008001a84       0x24 ./Core/Src/system_stm32l4xx.o
                0x0000000008001a84                SystemInit
 .text.Reset_Handler
                0x0000000008001aa8       0x50 ./Core/Startup/startup_stm32l475vgtx.o
                0x0000000008001aa8                Reset_Handler
 .text.Default_Handler
                0x0000000008001af8        0x2 ./Core/Startup/startup_stm32l475vgtx.o
                0x0000000008001af8                RTC_Alarm_IRQHandler
                0x0000000008001af8                EXTI2_IRQHandler
                0x0000000008001af8                TIM8_TRG_COM_IRQHandler
                0x0000000008001af8                TIM8_CC_IRQHandler
                0x0000000008001af8                TIM1_CC_IRQHandler
                0x0000000008001af8                TSC_IRQHandler
                0x0000000008001af8                TAMP_STAMP_IRQHandler
                0x0000000008001af8                EXTI3_IRQHandler
                0x0000000008001af8                LPTIM2_IRQHandler
                0x0000000008001af8                DFSDM1_FLT1_IRQHandler
                0x0000000008001af8                I2C3_ER_IRQHandler
                0x0000000008001af8                DFSDM1_FLT2_IRQHandler
                0x0000000008001af8                EXTI0_IRQHandler
                0x0000000008001af8                I2C2_EV_IRQHandler
                0x0000000008001af8                CAN1_RX0_IRQHandler
                0x0000000008001af8                FPU_IRQHandler
                0x0000000008001af8                ADC1_2_IRQHandler
                0x0000000008001af8                SPI1_IRQHandler
                0x0000000008001af8                TIM6_DAC_IRQHandler
                0x0000000008001af8                TIM8_UP_IRQHandler
                0x0000000008001af8                DMA2_Channel2_IRQHandler
                0x0000000008001af8                DMA1_Channel4_IRQHandler
                0x0000000008001af8                SAI2_IRQHandler
                0x0000000008001af8                DFSDM1_FLT3_IRQHandler
                0x0000000008001af8                USART3_IRQHandler
                0x0000000008001af8                DMA1_Channel7_IRQHandler
                0x0000000008001af8                CAN1_RX1_IRQHandler
                0x0000000008001af8                UART5_IRQHandler
                0x0000000008001af8                ADC3_IRQHandler
                0x0000000008001af8                TIM4_IRQHandler
                0x0000000008001af8                DMA2_Channel1_IRQHandler
                0x0000000008001af8                QUADSPI_IRQHandler
                0x0000000008001af8                I2C1_EV_IRQHandler
                0x0000000008001af8                DMA1_Channel6_IRQHandler
                0x0000000008001af8                UART4_IRQHandler
                0x0000000008001af8                DMA2_Channel4_IRQHandler
                0x0000000008001af8                TIM3_IRQHandler
                0x0000000008001af8                RCC_IRQHandler
                0x0000000008001af8                DMA1_Channel1_IRQHandler
                0x0000000008001af8                Default_Handler
                0x0000000008001af8                DMA2_Channel7_IRQHandler
                0x0000000008001af8                TIM7_IRQHandler
                0x0000000008001af8                SDMMC1_IRQHandler
                0x0000000008001af8                TIM5_IRQHandler
                0x0000000008001af8                I2C3_EV_IRQHandler
                0x0000000008001af8                EXTI9_5_IRQHandler
                0x0000000008001af8                RTC_WKUP_IRQHandler
                0x0000000008001af8                PVD_PVM_IRQHandler
                0x0000000008001af8                SPI2_IRQHandler
                0x0000000008001af8                CAN1_TX_IRQHandler
                0x0000000008001af8                DMA2_Channel5_IRQHandler
                0x0000000008001af8                DMA1_Channel5_IRQHandler
                0x0000000008001af8                EXTI4_IRQHandler
                0x0000000008001af8                RNG_IRQHandler
                0x0000000008001af8                TIM1_TRG_COM_TIM17_IRQHandler
                0x0000000008001af8                DMA1_Channel3_IRQHandler
                0x0000000008001af8                COMP_IRQHandler
                0x0000000008001af8                WWDG_IRQHandler
                0x0000000008001af8                LPUART1_IRQHandler
                0x0000000008001af8                DMA2_Channel6_IRQHandler
                0x0000000008001af8                TIM2_IRQHandler
                0x0000000008001af8                EXTI1_IRQHandler
                0x0000000008001af8                USART2_IRQHandler
                0x0000000008001af8                DFSDM1_FLT0_IRQHandler
                0x0000000008001af8                I2C2_ER_IRQHandler
                0x0000000008001af8                DMA1_Channel2_IRQHandler
                0x0000000008001af8                TIM8_BRK_IRQHandler
                0x0000000008001af8                CAN1_SCE_IRQHandler
                0x0000000008001af8                FLASH_IRQHandler
                0x0000000008001af8                USART1_IRQHandler
                0x0000000008001af8                OTG_FS_IRQHandler
                0x0000000008001af8                SPI3_IRQHandler
                0x0000000008001af8                I2C1_ER_IRQHandler
                0x0000000008001af8                FMC_IRQHandler
                0x0000000008001af8                SWPMI1_IRQHandler
                0x0000000008001af8                LPTIM1_IRQHandler
                0x0000000008001af8                SAI1_IRQHandler
                0x0000000008001af8                DMA2_Channel3_IRQHandler
                0x0000000008001af8                TIM1_BRK_TIM15_IRQHandler
 *fill*         0x0000000008001afa        0x2 
 .text.I2Cx_MspInit
                0x0000000008001afc       0xb0 ./Drivers/BSP/B-L475E-IOT01/stm32l475e_iot01.o
 .text.I2Cx_Init
                0x0000000008001bac       0x5c ./Drivers/BSP/B-L475E-IOT01/stm32l475e_iot01.o
 .text.I2Cx_ReadMultiple
                0x0000000008001c08       0x5a ./Drivers/BSP/B-L475E-IOT01/stm32l475e_iot01.o
 .text.I2Cx_WriteMultiple
                0x0000000008001c62       0x5a ./Drivers/BSP/B-L475E-IOT01/stm32l475e_iot01.o
 .text.I2Cx_Error
                0x0000000008001cbc       0x20 ./Drivers/BSP/B-L475E-IOT01/stm32l475e_iot01.o
 .text.SENSOR_IO_Init
                0x0000000008001cdc       0x14 ./Drivers/BSP/B-L475E-IOT01/stm32l475e_iot01.o
                0x0000000008001cdc                SENSOR_IO_Init
 .text.SENSOR_IO_Write
                0x0000000008001cf0       0x34 ./Drivers/BSP/B-L475E-IOT01/stm32l475e_iot01.o
                0x0000000008001cf0                SENSOR_IO_Write
 .text.SENSOR_IO_Read
                0x0000000008001d24       0x3c ./Drivers/BSP/B-L475E-IOT01/stm32l475e_iot01.o
                0x0000000008001d24                SENSOR_IO_Read
 .text.SENSOR_IO_ReadMultiple
                0x0000000008001d60       0x3c ./Drivers/BSP/B-L475E-IOT01/stm32l475e_iot01.o
                0x0000000008001d60                SENSOR_IO_ReadMultiple
 .text.BSP_ACCELERO_Init
                0x0000000008001d9c       0x7c ./Drivers/BSP/B-L475E-IOT01/stm32l475e_iot01_accelero.o
                0x0000000008001d9c                BSP_ACCELERO_Init
 .text.BSP_ACCELERO_AccGetXYZ
                0x0000000008001e18       0x30 ./Drivers/BSP/B-L475E-IOT01/stm32l475e_iot01_accelero.o
                0x0000000008001e18                BSP_ACCELERO_AccGetXYZ
 .text.BSP_TSENSOR_Init
                0x0000000008001e48       0x38 ./Drivers/BSP/B-L475E-IOT01/stm32l475e_iot01_tsensor.o
                0x0000000008001e48                BSP_TSENSOR_Init
 .text.BSP_TSENSOR_ReadTemp
                0x0000000008001e80       0x1c ./Drivers/BSP/B-L475E-IOT01/stm32l475e_iot01_tsensor.o
                0x0000000008001e80                BSP_TSENSOR_ReadTemp
 .text.HTS221_T_Init
                0x0000000008001e9c       0x5a ./Drivers/BSP/Components/hts221/hts221.o
                0x0000000008001e9c                HTS221_T_Init
 .text.HTS221_T_ReadTemp
                0x0000000008001ef6      0x10e ./Drivers/BSP/Components/hts221/hts221.o
                0x0000000008001ef6                HTS221_T_ReadTemp
 .text.LSM6DSL_AccInit
                0x0000000008002004       0x72 ./Drivers/BSP/Components/lsm6dsl/lsm6dsl.o
                0x0000000008002004                LSM6DSL_AccInit
 .text.LSM6DSL_AccDeInit
                0x0000000008002076       0x32 ./Drivers/BSP/Components/lsm6dsl/lsm6dsl.o
                0x0000000008002076                LSM6DSL_AccDeInit
 .text.LSM6DSL_AccReadID
                0x00000000080020a8       0x16 ./Drivers/BSP/Components/lsm6dsl/lsm6dsl.o
                0x00000000080020a8                LSM6DSL_AccReadID
 .text.LSM6DSL_AccLowPower
                0x00000000080020be       0x44 ./Drivers/BSP/Components/lsm6dsl/lsm6dsl.o
                0x00000000080020be                LSM6DSL_AccLowPower
 *fill*         0x0000000008002102        0x2 
 .text.LSM6DSL_AccReadXYZ
                0x0000000008002104      0x130 ./Drivers/BSP/Components/lsm6dsl/lsm6dsl.o
                0x0000000008002104                LSM6DSL_AccReadXYZ
 .text.HAL_Init
                0x0000000008002234       0x30 ./Drivers/STM32L4xx_HAL_Driver/Src/stm32l4xx_hal.o
                0x0000000008002234                HAL_Init
 .text.HAL_IncTick
                0x0000000008002264       0x28 ./Drivers/STM32L4xx_HAL_Driver/Src/stm32l4xx_hal.o
                0x0000000008002264                HAL_IncTick
 .text.HAL_GetTick
                0x000000000800228c       0x18 ./Drivers/STM32L4xx_HAL_Driver/Src/stm32l4xx_hal.o
                0x000000000800228c                HAL_GetTick
 .text.__NVIC_SetPriorityGrouping
                0x00000000080022a4       0x48 ./Drivers/STM32L4xx_HAL_Driver/Src/stm32l4xx_hal_cortex.o
 .text.__NVIC_GetPriorityGrouping
                0x00000000080022ec       0x1c ./Drivers/STM32L4xx_HAL_Driver/Src/stm32l4xx_hal_cortex.o
 .text.__NVIC_EnableIRQ
                0x0000000008002308       0x3c ./Drivers/STM32L4xx_HAL_Driver/Src/stm32l4xx_hal_cortex.o
 .text.__NVIC_SetPriority
                0x0000000008002344       0x54 ./Drivers/STM32L4xx_HAL_Driver/Src/stm32l4xx_hal_cortex.o
 .text.NVIC_EncodePriority
                0x0000000008002398       0x66 ./Drivers/STM32L4xx_HAL_Driver/Src/stm32l4xx_hal_cortex.o
 .text.HAL_NVIC_SetPriorityGrouping
                0x00000000080023fe       0x16 ./Drivers/STM32L4xx_HAL_Driver/Src/stm32l4xx_hal_cortex.o
                0x00000000080023fe                HAL_NVIC_SetPriorityGrouping
 .text.HAL_NVIC_SetPriority
                0x0000000008002414       0x38 ./Drivers/STM32L4xx_HAL_Driver/Src/stm32l4xx_hal_cortex.o
                0x0000000008002414                HAL_NVIC_SetPriority
 .text.HAL_NVIC_EnableIRQ
                0x000000000800244c       0x1c ./Drivers/STM32L4xx_HAL_Driver/Src/stm32l4xx_hal_cortex.o
                0x000000000800244c                HAL_NVIC_EnableIRQ
 .text.HAL_GPIO_Init
                0x0000000008002468      0x354 ./Drivers/STM32L4xx_HAL_Driver/Src/stm32l4xx_hal_gpio.o
                0x0000000008002468                HAL_GPIO_Init
 .text.HAL_GPIO_DeInit
                0x00000000080027bc      0x1e8 ./Drivers/STM32L4xx_HAL_Driver/Src/stm32l4xx_hal_gpio.o
                0x00000000080027bc                HAL_GPIO_DeInit
 .text.HAL_GPIO_WritePin
                0x00000000080029a4       0x30 ./Drivers/STM32L4xx_HAL_Driver/Src/stm32l4xx_hal_gpio.o
                0x00000000080029a4                HAL_GPIO_WritePin
 .text.HAL_GPIO_TogglePin
                0x00000000080029d4       0x34 ./Drivers/STM32L4xx_HAL_Driver/Src/stm32l4xx_hal_gpio.o
                0x00000000080029d4                HAL_GPIO_TogglePin
 .text.HAL_GPIO_EXTI_IRQHandler
                0x0000000008002a08       0x30 ./Drivers/STM32L4xx_HAL_Driver/Src/stm32l4xx_hal_gpio.o
                0x0000000008002a08                HAL_GPIO_EXTI_IRQHandler
 .text.HAL_GPIO_EXTI_Callback
                0x0000000008002a38       0x16 ./Drivers/STM32L4xx_HAL_Driver/Src/stm32l4xx_hal_gpio.o
                0x0000000008002a38                HAL_GPIO_EXTI_Callback
 .text.HAL_I2C_Init
                0x0000000008002a4e      0x11e ./Drivers/STM32L4xx_HAL_Driver/Src/stm32l4xx_hal_i2c.o
                0x0000000008002a4e                HAL_I2C_Init
 .text.HAL_I2C_DeInit
                0x0000000008002b6c       0x5e ./Drivers/STM32L4xx_HAL_Driver/Src/stm32l4xx_hal_i2c.o
                0x0000000008002b6c                HAL_I2C_DeInit
 *fill*         0x0000000008002bca        0x2 
 .text.HAL_I2C_Mem_Write
                0x0000000008002bcc      0x228 ./Drivers/STM32L4xx_HAL_Driver/Src/stm32l4xx_hal_i2c.o
                0x0000000008002bcc                HAL_I2C_Mem_Write
 .text.HAL_I2C_Mem_Read
                0x0000000008002df4      0x234 ./Drivers/STM32L4xx_HAL_Driver/Src/stm32l4xx_hal_i2c.o
                0x0000000008002df4                HAL_I2C_Mem_Read
 .text.I2C_RequestMemoryWrite
                0x0000000008003028       0xa8 ./Drivers/STM32L4xx_HAL_Driver/Src/stm32l4xx_hal_i2c.o
 .text.I2C_RequestMemoryRead
                0x00000000080030d0       0xa8 ./Drivers/STM32L4xx_HAL_Driver/Src/stm32l4xx_hal_i2c.o
 .text.I2C_Flush_TXDR
                0x0000000008003178       0x48 ./Drivers/STM32L4xx_HAL_Driver/Src/stm32l4xx_hal_i2c.o
 .text.I2C_WaitOnFlagUntilTimeout
                0x00000000080031c0       0x80 ./Drivers/STM32L4xx_HAL_Driver/Src/stm32l4xx_hal_i2c.o
 .text.I2C_WaitOnTXISFlagUntilTimeout
                0x0000000008003240       0x80 ./Drivers/STM32L4xx_HAL_Driver/Src/stm32l4xx_hal_i2c.o
 .text.I2C_WaitOnSTOPFlagUntilTimeout
                0x00000000080032c0       0x78 ./Drivers/STM32L4xx_HAL_Driver/Src/stm32l4xx_hal_i2c.o
 .text.I2C_IsErrorOccurred
                0x0000000008003338      0x1d8 ./Drivers/STM32L4xx_HAL_Driver/Src/stm32l4xx_hal_i2c.o
 .text.I2C_TransferConfig
                0x0000000008003510       0x64 ./Drivers/STM32L4xx_HAL_Driver/Src/stm32l4xx_hal_i2c.o
 .text.HAL_I2CEx_ConfigAnalogFilter
                0x0000000008003574       0x96 ./Drivers/STM32L4xx_HAL_Driver/Src/stm32l4xx_hal_i2c_ex.o
                0x0000000008003574                HAL_I2CEx_ConfigAnalogFilter
 .text.HAL_I2CEx_ConfigDigitalFilter
                0x000000000800360a       0x98 ./Drivers/STM32L4xx_HAL_Driver/Src/stm32l4xx_hal_i2c_ex.o
                0x000000000800360a                HAL_I2CEx_ConfigDigitalFilter
 *fill*         0x00000000080036a2        0x2 
 .text.HAL_PWR_EnableBkUpAccess
                0x00000000080036a4       0x20 ./Drivers/STM32L4xx_HAL_Driver/Src/stm32l4xx_hal_pwr.o
                0x00000000080036a4                HAL_PWR_EnableBkUpAccess
 .text.HAL_PWREx_GetVoltageRange
                0x00000000080036c4       0x1c ./Drivers/STM32L4xx_HAL_Driver/Src/stm32l4xx_hal_pwr_ex.o
                0x00000000080036c4                HAL_PWREx_GetVoltageRange
 .text.HAL_PWREx_ControlVoltageScaling
                0x00000000080036e0       0xac ./Drivers/STM32L4xx_HAL_Driver/Src/stm32l4xx_hal_pwr_ex.o
                0x00000000080036e0                HAL_PWREx_ControlVoltageScaling
 .text.HAL_RCC_OscConfig
                0x000000000800378c      0x7b8 ./Drivers/STM32L4xx_HAL_Driver/Src/stm32l4xx_hal_rcc.o
                0x000000000800378c                HAL_RCC_OscConfig
 .text.HAL_RCC_ClockConfig
                0x0000000008003f44      0x200 ./Drivers/STM32L4xx_HAL_Driver/Src/stm32l4xx_hal_rcc.o
                0x0000000008003f44                HAL_RCC_ClockConfig
 .text.HAL_RCC_GetSysClockFreq
                0x0000000008004144      0x118 ./Drivers/STM32L4xx_HAL_Driver/Src/stm32l4xx_hal_rcc.o
                0x0000000008004144                HAL_RCC_GetSysClockFreq
 .text.HAL_RCC_GetHCLKFreq
                0x000000000800425c       0x18 ./Drivers/STM32L4xx_HAL_Driver/Src/stm32l4xx_hal_rcc.o
                0x000000000800425c                HAL_RCC_GetHCLKFreq
 .text.HAL_RCC_GetPCLK1Freq
                0x0000000008004274       0x2c ./Drivers/STM32L4xx_HAL_Driver/Src/stm32l4xx_hal_rcc.o
                0x0000000008004274                HAL_RCC_GetPCLK1Freq
 .text.HAL_RCC_GetPCLK2Freq
                0x00000000080042a0       0x2c ./Drivers/STM32L4xx_HAL_Driver/Src/stm32l4xx_hal_rcc.o
                0x00000000080042a0                HAL_RCC_GetPCLK2Freq
 .text.HAL_RCC_GetClockConfig
                0x00000000080042cc       0x64 ./Drivers/STM32L4xx_HAL_Driver/Src/stm32l4xx_hal_rcc.o
                0x00000000080042cc                HAL_RCC_GetClockConfig
 .text.RCC_SetFlashLatencyFromMSIRange
                0x0000000008004330       0xc0 ./Drivers/STM32L4xx_HAL_Driver/Src/stm32l4xx_hal_rcc.o
 .text.HAL_RCCEx_PeriphCLKConfig
                0x00000000080043f0      0x5d4 ./Drivers/STM32L4xx_HAL_Driver/Src/stm32l4xx_hal_rcc_ex.o
                0x00000000080043f0                HAL_RCCEx_PeriphCLKConfig
 .text.HAL_RCCEx_EnableMSIPLLMode
                0x00000000080049c4       0x20 ./Drivers/STM32L4xx_HAL_Driver/Src/stm32l4xx_hal_rcc_ex.o
                0x00000000080049c4                HAL_RCCEx_EnableMSIPLLMode
 .text.RCCEx_PLLSAI1_Config
                0x00000000080049e4      0x1e8 ./Drivers/STM32L4xx_HAL_Driver/Src/stm32l4xx_hal_rcc_ex.o
 .text.RCCEx_PLLSAI2_Config
                0x0000000008004bcc      0x1bc ./Drivers/STM32L4xx_HAL_Driver/Src/stm32l4xx_hal_rcc_ex.o
 .text.HAL_TIM_Base_Init
                0x0000000008004d88       0xae ./Drivers/STM32L4xx_HAL_Driver/Src/stm32l4xx_hal_tim.o
                0x0000000008004d88                HAL_TIM_Base_Init
 .text.HAL_TIM_Base_MspInit
                0x0000000008004e36       0x14 ./Drivers/STM32L4xx_HAL_Driver/Src/stm32l4xx_hal_tim.o
                0x0000000008004e36                HAL_TIM_Base_MspInit
 *fill*         0x0000000008004e4a        0x2 
 .text.HAL_TIM_Base_Start_IT
                0x0000000008004e4c       0xe0 ./Drivers/STM32L4xx_HAL_Driver/Src/stm32l4xx_hal_tim.o
                0x0000000008004e4c                HAL_TIM_Base_Start_IT
 .text.HAL_TIM_IRQHandler
                0x0000000008004f2c      0x23e ./Drivers/STM32L4xx_HAL_Driver/Src/stm32l4xx_hal_tim.o
                0x0000000008004f2c                HAL_TIM_IRQHandler
 .text.HAL_TIM_OC_DelayElapsedCallback
                0x000000000800516a       0x14 ./Drivers/STM32L4xx_HAL_Driver/Src/stm32l4xx_hal_tim.o
                0x000000000800516a                HAL_TIM_OC_DelayElapsedCallback
 .text.HAL_TIM_IC_CaptureCallback
                0x000000000800517e       0x14 ./Drivers/STM32L4xx_HAL_Driver/Src/stm32l4xx_hal_tim.o
                0x000000000800517e                HAL_TIM_IC_CaptureCallback
 .text.HAL_TIM_PWM_PulseFinishedCallback
                0x0000000008005192       0x14 ./Drivers/STM32L4xx_HAL_Driver/Src/stm32l4xx_hal_tim.o
                0x0000000008005192                HAL_TIM_PWM_PulseFinishedCallback
 .text.HAL_TIM_TriggerCallback
                0x00000000080051a6       0x14 ./Drivers/STM32L4xx_HAL_Driver/Src/stm32l4xx_hal_tim.o
                0x00000000080051a6                HAL_TIM_TriggerCallback
 *fill*         0x00000000080051ba        0x2 
 .text.TIM_Base_SetConfig
                0x00000000080051bc      0x134 ./Drivers/STM32L4xx_HAL_Driver/Src/stm32l4xx_hal_tim.o
                0x00000000080051bc                TIM_Base_SetConfig
 .text.HAL_TIMEx_CommutCallback
                0x00000000080052f0       0x14 ./Drivers/STM32L4xx_HAL_Driver/Src/stm32l4xx_hal_tim_ex.o
                0x00000000080052f0                HAL_TIMEx_CommutCallback
 .text.HAL_TIMEx_BreakCallback
                0x0000000008005304       0x14 ./Drivers/STM32L4xx_HAL_Driver/Src/stm32l4xx_hal_tim_ex.o
                0x0000000008005304                HAL_TIMEx_BreakCallback
 .text.HAL_TIMEx_Break2Callback
                0x0000000008005318       0x14 ./Drivers/STM32L4xx_HAL_Driver/Src/stm32l4xx_hal_tim_ex.o
                0x0000000008005318                HAL_TIMEx_Break2Callback
 .text.HAL_UART_Init
                0x000000000800532c       0x9c ./Drivers/STM32L4xx_HAL_Driver/Src/stm32l4xx_hal_uart.o
                0x000000000800532c                HAL_UART_Init
 .text.HAL_UART_Transmit
                0x00000000080053c8      0x128 ./Drivers/STM32L4xx_HAL_Driver/Src/stm32l4xx_hal_uart.o
                0x00000000080053c8                HAL_UART_Transmit
 .text.UART_SetConfig
                0x00000000080054f0      0x570 ./Drivers/STM32L4xx_HAL_Driver/Src/stm32l4xx_hal_uart.o
                0x00000000080054f0                UART_SetConfig
 .text.UART_AdvFeatureConfig
                0x0000000008005a60      0x144 ./Drivers/STM32L4xx_HAL_Driver/Src/stm32l4xx_hal_uart.o
                0x0000000008005a60                UART_AdvFeatureConfig
 .text.UART_CheckIdleState
                0x0000000008005ba4       0x92 ./Drivers/STM32L4xx_HAL_Driver/Src/stm32l4xx_hal_uart.o
                0x0000000008005ba4                UART_CheckIdleState
 .text.UART_WaitOnFlagUntilTimeout
                0x0000000008005c36      0x188 ./Drivers/STM32L4xx_HAL_Driver/Src/stm32l4xx_hal_uart.o
                0x0000000008005c36                UART_WaitOnFlagUntilTimeout
 .text.makeFreeRtosPriority
                0x0000000008005dbe       0x30 ./Middlewares/Third_Party/FreeRTOS/Source/CMSIS_RTOS/cmsis_os.o
 .text.osKernelStart
                0x0000000008005dee        0xe ./Middlewares/Third_Party/FreeRTOS/Source/CMSIS_RTOS/cmsis_os.o
                0x0000000008005dee                osKernelStart
 .text.osThreadCreate
                0x0000000008005dfc       0x98 ./Middlewares/Third_Party/FreeRTOS/Source/CMSIS_RTOS/cmsis_os.o
                0x0000000008005dfc                osThreadCreate
 .text.vListInitialise
                0x0000000008005e94       0x40 ./Middlewares/Third_Party/FreeRTOS/Source/list.o
                0x0000000008005e94                vListInitialise
 .text.vListInitialiseItem
                0x0000000008005ed4       0x1a ./Middlewares/Third_Party/FreeRTOS/Source/list.o
                0x0000000008005ed4                vListInitialiseItem
 .text.vListInsertEnd
                0x0000000008005eee       0x48 ./Middlewares/Third_Party/FreeRTOS/Source/list.o
                0x0000000008005eee                vListInsertEnd
 .text.vListInsert
                0x0000000008005f36       0x72 ./Middlewares/Third_Party/FreeRTOS/Source/list.o
                0x0000000008005f36                vListInsert
 .text.uxListRemove
                0x0000000008005fa8       0x54 ./Middlewares/Third_Party/FreeRTOS/Source/list.o
                0x0000000008005fa8                uxListRemove
 .text.xQueueGenericReset
                0x0000000008005ffc       0xd0 ./Middlewares/Third_Party/FreeRTOS/Source/queue.o
                0x0000000008005ffc                xQueueGenericReset
 .text.xQueueGenericCreate
                0x00000000080060cc       0x74 ./Middlewares/Third_Party/FreeRTOS/Source/queue.o
                0x00000000080060cc                xQueueGenericCreate
 .text.prvInitialiseNewQueue
                0x0000000008006140       0x3e ./Middlewares/Third_Party/FreeRTOS/Source/queue.o
 .text.prvInitialiseMutex
                0x000000000800617e       0x34 ./Middlewares/Third_Party/FreeRTOS/Source/queue.o
 .text.xQueueCreateMutex
                0x00000000080061b2       0x30 ./Middlewares/Third_Party/FreeRTOS/Source/queue.o
                0x00000000080061b2                xQueueCreateMutex
 *fill*         0x00000000080061e2        0x2 
 .text.xQueueGenericSend
                0x00000000080061e4      0x1fc ./Middlewares/Third_Party/FreeRTOS/Source/queue.o
                0x00000000080061e4                xQueueGenericSend
 .text.xQueueSemaphoreTake
                0x00000000080063e0      0x218 ./Middlewares/Third_Party/FreeRTOS/Source/queue.o
                0x00000000080063e0                xQueueSemaphoreTake
 .text.prvGetDisinheritPriorityAfterTimeout
                0x00000000080065f8       0x30 ./Middlewares/Third_Party/FreeRTOS/Source/queue.o
 .text.prvCopyDataToQueue
                0x0000000008006628       0xd4 ./Middlewares/Third_Party/FreeRTOS/Source/queue.o
 .text.prvUnlockQueue
                0x00000000080066fc       0xa4 ./Middlewares/Third_Party/FreeRTOS/Source/queue.o
 .text.prvIsQueueEmpty
                0x00000000080067a0       0x2c ./Middlewares/Third_Party/FreeRTOS/Source/queue.o
 .text.prvIsQueueFull
                0x00000000080067cc       0x30 ./Middlewares/Third_Party/FreeRTOS/Source/queue.o
 .text.xTaskCreateStatic
                0x00000000080067fc       0xba ./Middlewares/Third_Party/FreeRTOS/Source/tasks.o
                0x00000000080067fc                xTaskCreateStatic
 .text.xTaskCreate
                0x00000000080068b6       0x8a ./Middlewares/Third_Party/FreeRTOS/Source/tasks.o
                0x00000000080068b6                xTaskCreate
 .text.prvInitialiseNewTask
                0x0000000008006940      0x13c ./Middlewares/Third_Party/FreeRTOS/Source/tasks.o
 .text.prvAddNewTaskToReadyList
                0x0000000008006a7c       0xd4 ./Middlewares/Third_Party/FreeRTOS/Source/tasks.o
 .text.vTaskDelayUntil
                0x0000000008006b50       0xfc ./Middlewares/Third_Party/FreeRTOS/Source/tasks.o
                0x0000000008006b50                vTaskDelayUntil
 .text.vTaskDelay
                0x0000000008006c4c       0x68 ./Middlewares/Third_Party/FreeRTOS/Source/tasks.o
                0x0000000008006c4c                vTaskDelay
 .text.vTaskSuspend
                0x0000000008006cb4      0x124 ./Middlewares/Third_Party/FreeRTOS/Source/tasks.o
                0x0000000008006cb4                vTaskSuspend
 .text.prvTaskIsTaskSuspended
                0x0000000008006dd8       0x64 ./Middlewares/Third_Party/FreeRTOS/Source/tasks.o
 .text.vTaskResume
                0x0000000008006e3c       0xbc ./Middlewares/Third_Party/FreeRTOS/Source/tasks.o
                0x0000000008006e3c                vTaskResume
 .text.xTaskResumeFromISR
                0x0000000008006ef8       0xe4 ./Middlewares/Third_Party/FreeRTOS/Source/tasks.o
                0x0000000008006ef8                xTaskResumeFromISR
 .text.vTaskStartScheduler
                0x0000000008006fdc       0xd4 ./Middlewares/Third_Party/FreeRTOS/Source/tasks.o
                0x0000000008006fdc                vTaskStartScheduler
 .text.vTaskSuspendAll
                0x00000000080070b0       0x1c ./Middlewares/Third_Party/FreeRTOS/Source/tasks.o
                0x00000000080070b0                vTaskSuspendAll
 .text.xTaskResumeAll
                0x00000000080070cc      0x138 ./Middlewares/Third_Party/FreeRTOS/Source/tasks.o
                0x00000000080070cc                xTaskResumeAll
 .text.xTaskGetTickCount
                0x0000000008007204       0x20 ./Middlewares/Third_Party/FreeRTOS/Source/tasks.o
                0x0000000008007204                xTaskGetTickCount
 .text.xTaskIncrementTick
                0x0000000008007224      0x170 ./Middlewares/Third_Party/FreeRTOS/Source/tasks.o
                0x0000000008007224                xTaskIncrementTick
 .text.vTaskSwitchContext
                0x0000000008007394       0xc4 ./Middlewares/Third_Party/FreeRTOS/Source/tasks.o
                0x0000000008007394                vTaskSwitchContext
 .text.vTaskPlaceOnEventList
                0x0000000008007458       0x48 ./Middlewares/Third_Party/FreeRTOS/Source/tasks.o
                0x0000000008007458                vTaskPlaceOnEventList
 .text.xTaskRemoveFromEventList
                0x00000000080074a0       0xc4 ./Middlewares/Third_Party/FreeRTOS/Source/tasks.o
                0x00000000080074a0                xTaskRemoveFromEventList
 .text.vTaskInternalSetTimeOutState
                0x0000000008007564       0x2c ./Middlewares/Third_Party/FreeRTOS/Source/tasks.o
                0x0000000008007564                vTaskInternalSetTimeOutState
 .text.xTaskCheckForTimeOut
                0x0000000008007590       0xc4 ./Middlewares/Third_Party/FreeRTOS/Source/tasks.o
                0x0000000008007590                xTaskCheckForTimeOut
 .text.vTaskMissedYield
                0x0000000008007654       0x18 ./Middlewares/Third_Party/FreeRTOS/Source/tasks.o
                0x0000000008007654                vTaskMissedYield
 .text.prvIdleTask
                0x000000000800766c       0x30 ./Middlewares/Third_Party/FreeRTOS/Source/tasks.o
 .text.prvInitialiseTaskLists
                0x000000000800769c       0x80 ./Middlewares/Third_Party/FreeRTOS/Source/tasks.o
 .text.prvCheckTasksWaitingTermination
                0x000000000800771c       0x5c ./Middlewares/Third_Party/FreeRTOS/Source/tasks.o
 .text.prvDeleteTCB
                0x0000000008007778       0x68 ./Middlewares/Third_Party/FreeRTOS/Source/tasks.o
 .text.prvResetNextTaskUnblockTime
                0x00000000080077e0       0x40 ./Middlewares/Third_Party/FreeRTOS/Source/tasks.o
 .text.xTaskGetSchedulerState
                0x0000000008007820       0x3c ./Middlewares/Third_Party/FreeRTOS/Source/tasks.o
                0x0000000008007820                xTaskGetSchedulerState
 .text.xTaskPriorityInherit
                0x000000000800785c       0xec ./Middlewares/Third_Party/FreeRTOS/Source/tasks.o
                0x000000000800785c                xTaskPriorityInherit
 .text.xTaskPriorityDisinherit
                0x0000000008007948      0x10c ./Middlewares/Third_Party/FreeRTOS/Source/tasks.o
                0x0000000008007948                xTaskPriorityDisinherit
 .text.vTaskPriorityDisinheritAfterTimeout
                0x0000000008007a54      0x11c ./Middlewares/Third_Party/FreeRTOS/Source/tasks.o
                0x0000000008007a54                vTaskPriorityDisinheritAfterTimeout
 .text.pvTaskIncrementMutexHeldCount
                0x0000000008007b70       0x28 ./Middlewares/Third_Party/FreeRTOS/Source/tasks.o
                0x0000000008007b70                pvTaskIncrementMutexHeldCount
 .text.prvAddCurrentTaskToDelayedList
                0x0000000008007b98       0xcc ./Middlewares/Third_Party/FreeRTOS/Source/tasks.o
 .text.pxPortInitialiseStack
                0x0000000008007c64       0x68 ./Middlewares/Third_Party/FreeRTOS/Source/portable/GCC/ARM_CM4F/port.o
                0x0000000008007c64                pxPortInitialiseStack
 .text.prvTaskExitError
                0x0000000008007ccc       0x58 ./Middlewares/Third_Party/FreeRTOS/Source/portable/GCC/ARM_CM4F/port.o
 *fill*         0x0000000008007d24        0xc 
 .text.SVC_Handler
                0x0000000008007d30       0x28 ./Middlewares/Third_Party/FreeRTOS/Source/portable/GCC/ARM_CM4F/port.o
                0x0000000008007d30                SVC_Handler
 .text.prvPortStartFirstTask
                0x0000000008007d58       0x28 ./Middlewares/Third_Party/FreeRTOS/Source/portable/GCC/ARM_CM4F/port.o
 .text.xPortStartScheduler
                0x0000000008007d80      0x144 ./Middlewares/Third_Party/FreeRTOS/Source/portable/GCC/ARM_CM4F/port.o
                0x0000000008007d80                xPortStartScheduler
 .text.vPortEnterCritical
                0x0000000008007ec4       0x60 ./Middlewares/Third_Party/FreeRTOS/Source/portable/GCC/ARM_CM4F/port.o
                0x0000000008007ec4                vPortEnterCritical
 .text.vPortExitCritical
                0x0000000008007f24       0x54 ./Middlewares/Third_Party/FreeRTOS/Source/portable/GCC/ARM_CM4F/port.o
                0x0000000008007f24                vPortExitCritical
 *fill*         0x0000000008007f78        0x8 
 .text.PendSV_Handler
                0x0000000008007f80       0x68 ./Middlewares/Third_Party/FreeRTOS/Source/portable/GCC/ARM_CM4F/port.o
                0x0000000008007f80                PendSV_Handler
 .text.SysTick_Handler
                0x0000000008007fe8       0x44 ./Middlewares/Third_Party/FreeRTOS/Source/portable/GCC/ARM_CM4F/port.o
                0x0000000008007fe8                SysTick_Handler
 .text.vPortSetupTimerInterrupt
                0x000000000800802c       0x48 ./Middlewares/Third_Party/FreeRTOS/Source/portable/GCC/ARM_CM4F/port.o
                0x000000000800802c                vPortSetupTimerInterrupt
 .text.vPortEnableVFP
                0x0000000008008074       0x14 ./Middlewares/Third_Party/FreeRTOS/Source/portable/GCC/ARM_CM4F/port.o
 .text.vPortValidateInterruptPriority
                0x0000000008008088       0x80 ./Middlewares/Third_Party/FreeRTOS/Source/portable/GCC/ARM_CM4F/port.o
                0x0000000008008088                vPortValidateInterruptPriority
 .text.pvPortMalloc
                0x0000000008008108      0x198 ./Middlewares/Third_Party/FreeRTOS/Source/portable/MemMang/heap_4.o
                0x0000000008008108                pvPortMalloc
 .text.vPortFree
                0x00000000080082a0       0xc4 ./Middlewares/Third_Party/FreeRTOS/Source/portable/MemMang/heap_4.o
                0x00000000080082a0                vPortFree
 .text.prvHeapInit
                0x0000000008008364       0xc4 ./Middlewares/Third_Party/FreeRTOS/Source/portable/MemMang/heap_4.o
 .text.prvInsertBlockIntoFreeList
                0x0000000008008428       0xb4 ./Middlewares/Third_Party/FreeRTOS/Source/portable/MemMang/heap_4.o
 .text.__errno  0x00000000080084dc        0xc c:/program files/stm32cubeide_1.10.1/stm32cubeide/plugins/com.st.stm32cube.ide.mcu.externaltools.gnu-tools-for-stm32.10.3-2021.10.win32_1.0.0.202111181127/tools/bin/../lib/gcc/arm-none-eabi/10.3.1/../../../../arm-none-eabi/lib/thumb/v7e-m+fp/hard\libc_nano.a(lib_a-errno.o)
                0x00000000080084dc                __errno
 .text.std      0x00000000080084e8       0x48 c:/program files/stm32cubeide_1.10.1/stm32cubeide/plugins/com.st.stm32cube.ide.mcu.externaltools.gnu-tools-for-stm32.10.3-2021.10.win32_1.0.0.202111181127/tools/bin/../lib/gcc/arm-none-eabi/10.3.1/../../../../arm-none-eabi/lib/thumb/v7e-m+fp/hard\libc_nano.a(lib_a-findfp.o)
 .text._cleanup_r
                0x0000000008008530        0xc c:/program files/stm32cubeide_1.10.1/stm32cubeide/plugins/com.st.stm32cube.ide.mcu.externaltools.gnu-tools-for-stm32.10.3-2021.10.win32_1.0.0.202111181127/tools/bin/../lib/gcc/arm-none-eabi/10.3.1/../../../../arm-none-eabi/lib/thumb/v7e-m+fp/hard\libc_nano.a(lib_a-findfp.o)
                0x0000000008008530                _cleanup_r
 .text.__sfmoreglue
                0x000000000800853c       0x2c c:/program files/stm32cubeide_1.10.1/stm32cubeide/plugins/com.st.stm32cube.ide.mcu.externaltools.gnu-tools-for-stm32.10.3-2021.10.win32_1.0.0.202111181127/tools/bin/../lib/gcc/arm-none-eabi/10.3.1/../../../../arm-none-eabi/lib/thumb/v7e-m+fp/hard\libc_nano.a(lib_a-findfp.o)
                0x000000000800853c                __sfmoreglue
 .text.__sfp_lock_acquire
                0x0000000008008568        0xc c:/program files/stm32cubeide_1.10.1/stm32cubeide/plugins/com.st.stm32cube.ide.mcu.externaltools.gnu-tools-for-stm32.10.3-2021.10.win32_1.0.0.202111181127/tools/bin/../lib/gcc/arm-none-eabi/10.3.1/../../../../arm-none-eabi/lib/thumb/v7e-m+fp/hard\libc_nano.a(lib_a-findfp.o)
                0x0000000008008568                __sfp_lock_acquire
 .text.__sfp_lock_release
                0x0000000008008574        0xc c:/program files/stm32cubeide_1.10.1/stm32cubeide/plugins/com.st.stm32cube.ide.mcu.externaltools.gnu-tools-for-stm32.10.3-2021.10.win32_1.0.0.202111181127/tools/bin/../lib/gcc/arm-none-eabi/10.3.1/../../../../arm-none-eabi/lib/thumb/v7e-m+fp/hard\libc_nano.a(lib_a-findfp.o)
                0x0000000008008574                __sfp_lock_release
 .text.__sinit_lock_acquire
                0x0000000008008580        0xc c:/program files/stm32cubeide_1.10.1/stm32cubeide/plugins/com.st.stm32cube.ide.mcu.externaltools.gnu-tools-for-stm32.10.3-2021.10.win32_1.0.0.202111181127/tools/bin/../lib/gcc/arm-none-eabi/10.3.1/../../../../arm-none-eabi/lib/thumb/v7e-m+fp/hard\libc_nano.a(lib_a-findfp.o)
                0x0000000008008580                __sinit_lock_acquire
 .text.__sinit_lock_release
                0x000000000800858c        0xc c:/program files/stm32cubeide_1.10.1/stm32cubeide/plugins/com.st.stm32cube.ide.mcu.externaltools.gnu-tools-for-stm32.10.3-2021.10.win32_1.0.0.202111181127/tools/bin/../lib/gcc/arm-none-eabi/10.3.1/../../../../arm-none-eabi/lib/thumb/v7e-m+fp/hard\libc_nano.a(lib_a-findfp.o)
                0x000000000800858c                __sinit_lock_release
 .text.__sinit  0x0000000008008598       0x70 c:/program files/stm32cubeide_1.10.1/stm32cubeide/plugins/com.st.stm32cube.ide.mcu.externaltools.gnu-tools-for-stm32.10.3-2021.10.win32_1.0.0.202111181127/tools/bin/../lib/gcc/arm-none-eabi/10.3.1/../../../../arm-none-eabi/lib/thumb/v7e-m+fp/hard\libc_nano.a(lib_a-findfp.o)
                0x0000000008008598                __sinit
 .text.__sfp    0x0000000008008608       0x8c c:/program files/stm32cubeide_1.10.1/stm32cubeide/plugins/com.st.stm32cube.ide.mcu.externaltools.gnu-tools-for-stm32.10.3-2021.10.win32_1.0.0.202111181127/tools/bin/../lib/gcc/arm-none-eabi/10.3.1/../../../../arm-none-eabi/lib/thumb/v7e-m+fp/hard\libc_nano.a(lib_a-findfp.o)
                0x0000000008008608                __sfp
 .text._fwalk_reent
                0x0000000008008694       0x3e c:/program files/stm32cubeide_1.10.1/stm32cubeide/plugins/com.st.stm32cube.ide.mcu.externaltools.gnu-tools-for-stm32.10.3-2021.10.win32_1.0.0.202111181127/tools/bin/../lib/gcc/arm-none-eabi/10.3.1/../../../../arm-none-eabi/lib/thumb/v7e-m+fp/hard\libc_nano.a(lib_a-fwalk.o)
                0x0000000008008694                _fwalk_reent
 *fill*         0x00000000080086d2        0x2 
 .text.__libc_init_array
                0x00000000080086d4       0x48 c:/program files/stm32cubeide_1.10.1/stm32cubeide/plugins/com.st.stm32cube.ide.mcu.externaltools.gnu-tools-for-stm32.10.3-2021.10.win32_1.0.0.202111181127/tools/bin/../lib/gcc/arm-none-eabi/10.3.1/../../../../arm-none-eabi/lib/thumb/v7e-m+fp/hard\libc_nano.a(lib_a-init.o)
                0x00000000080086d4                __libc_init_array
 .text.__retarget_lock_init_recursive
                0x000000000800871c        0x2 c:/program files/stm32cubeide_1.10.1/stm32cubeide/plugins/com.st.stm32cube.ide.mcu.externaltools.gnu-tools-for-stm32.10.3-2021.10.win32_1.0.0.202111181127/tools/bin/../lib/gcc/arm-none-eabi/10.3.1/../../../../arm-none-eabi/lib/thumb/v7e-m+fp/hard\libc_nano.a(lib_a-lock.o)
                0x000000000800871c                __retarget_lock_init_recursive
 .text.__retarget_lock_acquire_recursive
                0x000000000800871e        0x2 c:/program files/stm32cubeide_1.10.1/stm32cubeide/plugins/com.st.stm32cube.ide.mcu.externaltools.gnu-tools-for-stm32.10.3-2021.10.win32_1.0.0.202111181127/tools/bin/../lib/gcc/arm-none-eabi/10.3.1/../../../../arm-none-eabi/lib/thumb/v7e-m+fp/hard\libc_nano.a(lib_a-lock.o)
                0x000000000800871e                __retarget_lock_acquire_recursive
 .text.__retarget_lock_release_recursive
                0x0000000008008720        0x2 c:/program files/stm32cubeide_1.10.1/stm32cubeide/plugins/com.st.stm32cube.ide.mcu.externaltools.gnu-tools-for-stm32.10.3-2021.10.win32_1.0.0.202111181127/tools/bin/../lib/gcc/arm-none-eabi/10.3.1/../../../../arm-none-eabi/lib/thumb/v7e-m+fp/hard\libc_nano.a(lib_a-lock.o)
                0x0000000008008720                __retarget_lock_release_recursive
 .text.memcpy   0x0000000008008722       0x1c c:/program files/stm32cubeide_1.10.1/stm32cubeide/plugins/com.st.stm32cube.ide.mcu.externaltools.gnu-tools-for-stm32.10.3-2021.10.win32_1.0.0.202111181127/tools/bin/../lib/gcc/arm-none-eabi/10.3.1/../../../../arm-none-eabi/lib/thumb/v7e-m+fp/hard\libc_nano.a(lib_a-memcpy-stub.o)
                0x0000000008008722                memcpy
 .text.memset   0x000000000800873e       0x10 c:/program files/stm32cubeide_1.10.1/stm32cubeide/plugins/com.st.stm32cube.ide.mcu.externaltools.gnu-tools-for-stm32.10.3-2021.10.win32_1.0.0.202111181127/tools/bin/../lib/gcc/arm-none-eabi/10.3.1/../../../../arm-none-eabi/lib/thumb/v7e-m+fp/hard\libc_nano.a(lib_a-memset.o)
                0x000000000800873e                memset
 *fill*         0x000000000800874e        0x2 
 .text.sbrk_aligned
                0x0000000008008750       0x40 c:/program files/stm32cubeide_1.10.1/stm32cubeide/plugins/com.st.stm32cube.ide.mcu.externaltools.gnu-tools-for-stm32.10.3-2021.10.win32_1.0.0.202111181127/tools/bin/../lib/gcc/arm-none-eabi/10.3.1/../../../../arm-none-eabi/lib/thumb/v7e-m+fp/hard\libc_nano.a(lib_a-nano-mallocr.o)
 .text._malloc_r
                0x0000000008008790       0xe8 c:/program files/stm32cubeide_1.10.1/stm32cubeide/plugins/com.st.stm32cube.ide.mcu.externaltools.gnu-tools-for-stm32.10.3-2021.10.win32_1.0.0.202111181127/tools/bin/../lib/gcc/arm-none-eabi/10.3.1/../../../../arm-none-eabi/lib/thumb/v7e-m+fp/hard\libc_nano.a(lib_a-nano-mallocr.o)
                0x0000000008008790                _malloc_r
 .text.__cvt    0x0000000008008878       0xc4 c:/program files/stm32cubeide_1.10.1/stm32cubeide/plugins/com.st.stm32cube.ide.mcu.externaltools.gnu-tools-for-stm32.10.3-2021.10.win32_1.0.0.202111181127/tools/bin/../lib/gcc/arm-none-eabi/10.3.1/../../../../arm-none-eabi/lib/thumb/v7e-m+fp/hard\libc_nano.a(lib_a-nano-vfprintf_float.o)
                0x0000000008008878                __cvt
 .text.__exponent
                0x000000000800893c       0x7c c:/program files/stm32cubeide_1.10.1/stm32cubeide/plugins/com.st.stm32cube.ide.mcu.externaltools.gnu-tools-for-stm32.10.3-2021.10.win32_1.0.0.202111181127/tools/bin/../lib/gcc/arm-none-eabi/10.3.1/../../../../arm-none-eabi/lib/thumb/v7e-m+fp/hard\libc_nano.a(lib_a-nano-vfprintf_float.o)
                0x000000000800893c                __exponent
 .text._printf_float
                0x00000000080089b8      0x46c c:/program files/stm32cubeide_1.10.1/stm32cubeide/plugins/com.st.stm32cube.ide.mcu.externaltools.gnu-tools-for-stm32.10.3-2021.10.win32_1.0.0.202111181127/tools/bin/../lib/gcc/arm-none-eabi/10.3.1/../../../../arm-none-eabi/lib/thumb/v7e-m+fp/hard\libc_nano.a(lib_a-nano-vfprintf_float.o)
                0x00000000080089b8                _printf_float
 .text._printf_common
                0x0000000008008e24       0xda c:/program files/stm32cubeide_1.10.1/stm32cubeide/plugins/com.st.stm32cube.ide.mcu.externaltools.gnu-tools-for-stm32.10.3-2021.10.win32_1.0.0.202111181127/tools/bin/../lib/gcc/arm-none-eabi/10.3.1/../../../../arm-none-eabi/lib/thumb/v7e-m+fp/hard\libc_nano.a(lib_a-nano-vfprintf_i.o)
                0x0000000008008e24                _printf_common
 *fill*         0x0000000008008efe        0x2 
 .text._printf_i
                0x0000000008008f00      0x24c c:/program files/stm32cubeide_1.10.1/stm32cubeide/plugins/com.st.stm32cube.ide.mcu.externaltools.gnu-tools-for-stm32.10.3-2021.10.win32_1.0.0.202111181127/tools/bin/../lib/gcc/arm-none-eabi/10.3.1/../../../../arm-none-eabi/lib/thumb/v7e-m+fp/hard\libc_nano.a(lib_a-nano-vfprintf_i.o)
                0x0000000008008f00                _printf_i
 .text.printf   0x000000000800914c       0x30 c:/program files/stm32cubeide_1.10.1/stm32cubeide/plugins/com.st.stm32cube.ide.mcu.externaltools.gnu-tools-for-stm32.10.3-2021.10.win32_1.0.0.202111181127/tools/bin/../lib/gcc/arm-none-eabi/10.3.1/../../../../arm-none-eabi/lib/thumb/v7e-m+fp/hard\libc_nano.a(lib_a-printf.o)
                0x000000000800914c                iprintf
                0x000000000800914c                printf
 .text.cleanup_glue
                0x000000000800917c       0x1a c:/program files/stm32cubeide_1.10.1/stm32cubeide/plugins/com.st.stm32cube.ide.mcu.externaltools.gnu-tools-for-stm32.10.3-2021.10.win32_1.0.0.202111181127/tools/bin/../lib/gcc/arm-none-eabi/10.3.1/../../../../arm-none-eabi/lib/thumb/v7e-m+fp/hard\libc_nano.a(lib_a-reent.o)
                0x000000000800917c                cleanup_glue
 *fill*         0x0000000008009196        0x2 
 .text._reclaim_reent
                0x0000000008009198       0xb8 c:/program files/stm32cubeide_1.10.1/stm32cubeide/plugins/com.st.stm32cube.ide.mcu.externaltools.gnu-tools-for-stm32.10.3-2021.10.win32_1.0.0.202111181127/tools/bin/../lib/gcc/arm-none-eabi/10.3.1/../../../../arm-none-eabi/lib/thumb/v7e-m+fp/hard\libc_nano.a(lib_a-reent.o)
                0x0000000008009198                _reclaim_reent
 .text._sbrk_r  0x0000000008009250       0x20 c:/program files/stm32cubeide_1.10.1/stm32cubeide/plugins/com.st.stm32cube.ide.mcu.externaltools.gnu-tools-for-stm32.10.3-2021.10.win32_1.0.0.202111181127/tools/bin/../lib/gcc/arm-none-eabi/10.3.1/../../../../arm-none-eabi/lib/thumb/v7e-m+fp/hard\libc_nano.a(lib_a-sbrkr.o)
                0x0000000008009250                _sbrk_r
 .text.__sread  0x0000000008009270       0x22 c:/program files/stm32cubeide_1.10.1/stm32cubeide/plugins/com.st.stm32cube.ide.mcu.externaltools.gnu-tools-for-stm32.10.3-2021.10.win32_1.0.0.202111181127/tools/bin/../lib/gcc/arm-none-eabi/10.3.1/../../../../arm-none-eabi/lib/thumb/v7e-m+fp/hard\libc_nano.a(lib_a-stdio.o)
                0x0000000008009270                __sread
 .text.__swrite
                0x0000000008009292       0x38 c:/program files/stm32cubeide_1.10.1/stm32cubeide/plugins/com.st.stm32cube.ide.mcu.externaltools.gnu-tools-for-stm32.10.3-2021.10.win32_1.0.0.202111181127/tools/bin/../lib/gcc/arm-none-eabi/10.3.1/../../../../arm-none-eabi/lib/thumb/v7e-m+fp/hard\libc_nano.a(lib_a-stdio.o)
                0x0000000008009292                __swrite
 .text.__sseek  0x00000000080092ca       0x24 c:/program files/stm32cubeide_1.10.1/stm32cubeide/plugins/com.st.stm32cube.ide.mcu.externaltools.gnu-tools-for-stm32.10.3-2021.10.win32_1.0.0.202111181127/tools/bin/../lib/gcc/arm-none-eabi/10.3.1/../../../../arm-none-eabi/lib/thumb/v7e-m+fp/hard\libc_nano.a(lib_a-stdio.o)
                0x00000000080092ca                __sseek
 .text.__sclose
                0x00000000080092ee        0x8 c:/program files/stm32cubeide_1.10.1/stm32cubeide/plugins/com.st.stm32cube.ide.mcu.externaltools.gnu-tools-for-stm32.10.3-2021.10.win32_1.0.0.202111181127/tools/bin/../lib/gcc/arm-none-eabi/10.3.1/../../../../arm-none-eabi/lib/thumb/v7e-m+fp/hard\libc_nano.a(lib_a-stdio.o)
                0x00000000080092ee                __sclose
 *fill*         0x00000000080092f6        0x2 
 .text.__swbuf_r
                0x00000000080092f8       0xa4 c:/program files/stm32cubeide_1.10.1/stm32cubeide/plugins/com.st.stm32cube.ide.mcu.externaltools.gnu-tools-for-stm32.10.3-2021.10.win32_1.0.0.202111181127/tools/bin/../lib/gcc/arm-none-eabi/10.3.1/../../../../arm-none-eabi/lib/thumb/v7e-m+fp/hard\libc_nano.a(lib_a-wbuf.o)
                0x00000000080092f8                __swbuf_r
 .text._write_r
                0x000000000800939c       0x24 c:/program files/stm32cubeide_1.10.1/stm32cubeide/plugins/com.st.stm32cube.ide.mcu.externaltools.gnu-tools-for-stm32.10.3-2021.10.win32_1.0.0.202111181127/tools/bin/../lib/gcc/arm-none-eabi/10.3.1/../../../../arm-none-eabi/lib/thumb/v7e-m+fp/hard\libc_nano.a(lib_a-writer.o)
                0x000000000800939c                _write_r
 .text.__swsetup_r
                0x00000000080093c0       0xdc c:/program files/stm32cubeide_1.10.1/stm32cubeide/plugins/com.st.stm32cube.ide.mcu.externaltools.gnu-tools-for-stm32.10.3-2021.10.win32_1.0.0.202111181127/tools/bin/../lib/gcc/arm-none-eabi/10.3.1/../../../../arm-none-eabi/lib/thumb/v7e-m+fp/hard\libc_nano.a(lib_a-wsetup.o)
                0x00000000080093c0                __swsetup_r
 .text.__assert_func
                0x000000000800949c       0x3c c:/program files/stm32cubeide_1.10.1/stm32cubeide/plugins/com.st.stm32cube.ide.mcu.externaltools.gnu-tools-for-stm32.10.3-2021.10.win32_1.0.0.202111181127/tools/bin/../lib/gcc/arm-none-eabi/10.3.1/../../../../arm-none-eabi/lib/thumb/v7e-m+fp/hard\libc_nano.a(lib_a-assert.o)
                0x000000000800949c                __assert_func
 .text._close_r
                0x00000000080094d8       0x20 c:/program files/stm32cubeide_1.10.1/stm32cubeide/plugins/com.st.stm32cube.ide.mcu.externaltools.gnu-tools-for-stm32.10.3-2021.10.win32_1.0.0.202111181127/tools/bin/../lib/gcc/arm-none-eabi/10.3.1/../../../../arm-none-eabi/lib/thumb/v7e-m+fp/hard\libc_nano.a(lib_a-closer.o)
                0x00000000080094d8                _close_r
 .text.quorem   0x00000000080094f8      0x116 c:/program files/stm32cubeide_1.10.1/stm32cubeide/plugins/com.st.stm32cube.ide.mcu.externaltools.gnu-tools-for-stm32.10.3-2021.10.win32_1.0.0.202111181127/tools/bin/../lib/gcc/arm-none-eabi/10.3.1/../../../../arm-none-eabi/lib/thumb/v7e-m+fp/hard\libc_nano.a(lib_a-dtoa.o)
 *fill*         0x000000000800960e        0x2 
 .text._dtoa_r  0x0000000008009610      0xbdc c:/program files/stm32cubeide_1.10.1/stm32cubeide/plugins/com.st.stm32cube.ide.mcu.externaltools.gnu-tools-for-stm32.10.3-2021.10.win32_1.0.0.202111181127/tools/bin/../lib/gcc/arm-none-eabi/10.3.1/../../../../arm-none-eabi/lib/thumb/v7e-m+fp/hard\libc_nano.a(lib_a-dtoa.o)
                0x0000000008009610                _dtoa_r
 .text.__sflush_r
                0x000000000800a1ec      0x10c c:/program files/stm32cubeide_1.10.1/stm32cubeide/plugins/com.st.stm32cube.ide.mcu.externaltools.gnu-tools-for-stm32.10.3-2021.10.win32_1.0.0.202111181127/tools/bin/../lib/gcc/arm-none-eabi/10.3.1/../../../../arm-none-eabi/lib/thumb/v7e-m+fp/hard\libc_nano.a(lib_a-fflush.o)
                0x000000000800a1ec                __sflush_r
 .text._fflush_r
                0x000000000800a2f8       0x78 c:/program files/stm32cubeide_1.10.1/stm32cubeide/plugins/com.st.stm32cube.ide.mcu.externaltools.gnu-tools-for-stm32.10.3-2021.10.win32_1.0.0.202111181127/tools/bin/../lib/gcc/arm-none-eabi/10.3.1/../../../../arm-none-eabi/lib/thumb/v7e-m+fp/hard\libc_nano.a(lib_a-fflush.o)
                0x000000000800a2f8                _fflush_r
 .text.fprintf  0x000000000800a370       0x24 c:/program files/stm32cubeide_1.10.1/stm32cubeide/plugins/com.st.stm32cube.ide.mcu.externaltools.gnu-tools-for-stm32.10.3-2021.10.win32_1.0.0.202111181127/tools/bin/../lib/gcc/arm-none-eabi/10.3.1/../../../../arm-none-eabi/lib/thumb/v7e-m+fp/hard\libc_nano.a(lib_a-fprintf.o)
                0x000000000800a370                fiprintf
                0x000000000800a370                fprintf
 .text._localeconv_r
                0x000000000800a394        0x8 c:/program files/stm32cubeide_1.10.1/stm32cubeide/plugins/com.st.stm32cube.ide.mcu.externaltools.gnu-tools-for-stm32.10.3-2021.10.win32_1.0.0.202111181127/tools/bin/../lib/gcc/arm-none-eabi/10.3.1/../../../../arm-none-eabi/lib/thumb/v7e-m+fp/hard\libc_nano.a(lib_a-localeconv.o)
                0x000000000800a394                _localeconv_r
 .text._lseek_r
                0x000000000800a39c       0x24 c:/program files/stm32cubeide_1.10.1/stm32cubeide/plugins/com.st.stm32cube.ide.mcu.externaltools.gnu-tools-for-stm32.10.3-2021.10.win32_1.0.0.202111181127/tools/bin/../lib/gcc/arm-none-eabi/10.3.1/../../../../arm-none-eabi/lib/thumb/v7e-m+fp/hard\libc_nano.a(lib_a-lseekr.o)
                0x000000000800a39c                _lseek_r
 .text.__swhatbuf_r
                0x000000000800a3c0       0x4a c:/program files/stm32cubeide_1.10.1/stm32cubeide/plugins/com.st.stm32cube.ide.mcu.externaltools.gnu-tools-for-stm32.10.3-2021.10.win32_1.0.0.202111181127/tools/bin/../lib/gcc/arm-none-eabi/10.3.1/../../../../arm-none-eabi/lib/thumb/v7e-m+fp/hard\libc_nano.a(lib_a-makebuf.o)
                0x000000000800a3c0                __swhatbuf_r
 *fill*         0x000000000800a40a        0x2 
 .text.__smakebuf_r
                0x000000000800a40c       0x80 c:/program files/stm32cubeide_1.10.1/stm32cubeide/plugins/com.st.stm32cube.ide.mcu.externaltools.gnu-tools-for-stm32.10.3-2021.10.win32_1.0.0.202111181127/tools/bin/../lib/gcc/arm-none-eabi/10.3.1/../../../../arm-none-eabi/lib/thumb/v7e-m+fp/hard\libc_nano.a(lib_a-makebuf.o)
                0x000000000800a40c                __smakebuf_r
 .text.malloc   0x000000000800a48c       0x10 c:/program files/stm32cubeide_1.10.1/stm32cubeide/plugins/com.st.stm32cube.ide.mcu.externaltools.gnu-tools-for-stm32.10.3-2021.10.win32_1.0.0.202111181127/tools/bin/../lib/gcc/arm-none-eabi/10.3.1/../../../../arm-none-eabi/lib/thumb/v7e-m+fp/hard\libc_nano.a(lib_a-malloc.o)
                0x000000000800a48c                malloc
 .text.__malloc_lock
                0x000000000800a49c        0xc c:/program files/stm32cubeide_1.10.1/stm32cubeide/plugins/com.st.stm32cube.ide.mcu.externaltools.gnu-tools-for-stm32.10.3-2021.10.win32_1.0.0.202111181127/tools/bin/../lib/gcc/arm-none-eabi/10.3.1/../../../../arm-none-eabi/lib/thumb/v7e-m+fp/hard\libc_nano.a(lib_a-mlock.o)
                0x000000000800a49c                __malloc_lock
 .text.__malloc_unlock
                0x000000000800a4a8        0xc c:/program files/stm32cubeide_1.10.1/stm32cubeide/plugins/com.st.stm32cube.ide.mcu.externaltools.gnu-tools-for-stm32.10.3-2021.10.win32_1.0.0.202111181127/tools/bin/../lib/gcc/arm-none-eabi/10.3.1/../../../../arm-none-eabi/lib/thumb/v7e-m+fp/hard\libc_nano.a(lib_a-mlock.o)
                0x000000000800a4a8                __malloc_unlock
 .text._Balloc  0x000000000800a4b4       0x80 c:/program files/stm32cubeide_1.10.1/stm32cubeide/plugins/com.st.stm32cube.ide.mcu.externaltools.gnu-tools-for-stm32.10.3-2021.10.win32_1.0.0.202111181127/tools/bin/../lib/gcc/arm-none-eabi/10.3.1/../../../../arm-none-eabi/lib/thumb/v7e-m+fp/hard\libc_nano.a(lib_a-mprec.o)
                0x000000000800a4b4                _Balloc
 .text._Bfree   0x000000000800a534       0x44 c:/program files/stm32cubeide_1.10.1/stm32cubeide/plugins/com.st.stm32cube.ide.mcu.externaltools.gnu-tools-for-stm32.10.3-2021.10.win32_1.0.0.202111181127/tools/bin/../lib/gcc/arm-none-eabi/10.3.1/../../../../arm-none-eabi/lib/thumb/v7e-m+fp/hard\libc_nano.a(lib_a-mprec.o)
                0x000000000800a534                _Bfree
 .text.__multadd
                0x000000000800a578       0x8c c:/program files/stm32cubeide_1.10.1/stm32cubeide/plugins/com.st.stm32cube.ide.mcu.externaltools.gnu-tools-for-stm32.10.3-2021.10.win32_1.0.0.202111181127/tools/bin/../lib/gcc/arm-none-eabi/10.3.1/../../../../arm-none-eabi/lib/thumb/v7e-m+fp/hard\libc_nano.a(lib_a-mprec.o)
                0x000000000800a578                __multadd
 .text.__hi0bits
                0x000000000800a604       0x40 c:/program files/stm32cubeide_1.10.1/stm32cubeide/plugins/com.st.stm32cube.ide.mcu.externaltools.gnu-tools-for-stm32.10.3-2021.10.win32_1.0.0.202111181127/tools/bin/../lib/gcc/arm-none-eabi/10.3.1/../../../../arm-none-eabi/lib/thumb/v7e-m+fp/hard\libc_nano.a(lib_a-mprec.o)
                0x000000000800a604                __hi0bits
 .text.__lo0bits
                0x000000000800a644       0x5e c:/program files/stm32cubeide_1.10.1/stm32cubeide/plugins/com.st.stm32cube.ide.mcu.externaltools.gnu-tools-for-stm32.10.3-2021.10.win32_1.0.0.202111181127/tools/bin/../lib/gcc/arm-none-eabi/10.3.1/../../../../arm-none-eabi/lib/thumb/v7e-m+fp/hard\libc_nano.a(lib_a-mprec.o)
                0x000000000800a644                __lo0bits
 *fill*         0x000000000800a6a2        0x2 
 .text.__i2b    0x000000000800a6a4       0x2c c:/program files/stm32cubeide_1.10.1/stm32cubeide/plugins/com.st.stm32cube.ide.mcu.externaltools.gnu-tools-for-stm32.10.3-2021.10.win32_1.0.0.202111181127/tools/bin/../lib/gcc/arm-none-eabi/10.3.1/../../../../arm-none-eabi/lib/thumb/v7e-m+fp/hard\libc_nano.a(lib_a-mprec.o)
                0x000000000800a6a4                __i2b
 .text.__multiply
                0x000000000800a6d0      0x154 c:/program files/stm32cubeide_1.10.1/stm32cubeide/plugins/com.st.stm32cube.ide.mcu.externaltools.gnu-tools-for-stm32.10.3-2021.10.win32_1.0.0.202111181127/tools/bin/../lib/gcc/arm-none-eabi/10.3.1/../../../../arm-none-eabi/lib/thumb/v7e-m+fp/hard\libc_nano.a(lib_a-mprec.o)
                0x000000000800a6d0                __multiply
 .text.__pow5mult
                0x000000000800a824       0xb4 c:/program files/stm32cubeide_1.10.1/stm32cubeide/plugins/com.st.stm32cube.ide.mcu.externaltools.gnu-tools-for-stm32.10.3-2021.10.win32_1.0.0.202111181127/tools/bin/../lib/gcc/arm-none-eabi/10.3.1/../../../../arm-none-eabi/lib/thumb/v7e-m+fp/hard\libc_nano.a(lib_a-mprec.o)
                0x000000000800a824                __pow5mult
 .text.__lshift
                0x000000000800a8d8       0xe0 c:/program files/stm32cubeide_1.10.1/stm32cubeide/plugins/com.st.stm32cube.ide.mcu.externaltools.gnu-tools-for-stm32.10.3-2021.10.win32_1.0.0.202111181127/tools/bin/../lib/gcc/arm-none-eabi/10.3.1/../../../../arm-none-eabi/lib/thumb/v7e-m+fp/hard\libc_nano.a(lib_a-mprec.o)
                0x000000000800a8d8                __lshift
 .text.__mcmp   0x000000000800a9b8       0x38 c:/program files/stm32cubeide_1.10.1/stm32cubeide/plugins/com.st.stm32cube.ide.mcu.externaltools.gnu-tools-for-stm32.10.3-2021.10.win32_1.0.0.202111181127/tools/bin/../lib/gcc/arm-none-eabi/10.3.1/../../../../arm-none-eabi/lib/thumb/v7e-m+fp/hard\libc_nano.a(lib_a-mprec.o)
                0x000000000800a9b8                __mcmp
 .text.__mdiff  0x000000000800a9f0      0x114 c:/program files/stm32cubeide_1.10.1/stm32cubeide/plugins/com.st.stm32cube.ide.mcu.externaltools.gnu-tools-for-stm32.10.3-2021.10.win32_1.0.0.202111181127/tools/bin/../lib/gcc/arm-none-eabi/10.3.1/../../../../arm-none-eabi/lib/thumb/v7e-m+fp/hard\libc_nano.a(lib_a-mprec.o)
                0x000000000800a9f0                __mdiff
 .text.__d2b    0x000000000800ab04       0xb8 c:/program files/stm32cubeide_1.10.1/stm32cubeide/plugins/com.st.stm32cube.ide.mcu.externaltools.gnu-tools-for-stm32.10.3-2021.10.win32_1.0.0.202111181127/tools/bin/../lib/gcc/arm-none-eabi/10.3.1/../../../../arm-none-eabi/lib/thumb/v7e-m+fp/hard\libc_nano.a(lib_a-mprec.o)
                0x000000000800ab04                __d2b
 .text._calloc_r
                0x000000000800abbc       0x2c c:/program files/stm32cubeide_1.10.1/stm32cubeide/plugins/com.st.stm32cube.ide.mcu.externaltools.gnu-tools-for-stm32.10.3-2021.10.win32_1.0.0.202111181127/tools/bin/../lib/gcc/arm-none-eabi/10.3.1/../../../../arm-none-eabi/lib/thumb/v7e-m+fp/hard\libc_nano.a(lib_a-nano-callocr.o)
                0x000000000800abbc                _calloc_r
 .text._free_r  0x000000000800abe8       0x98 c:/program files/stm32cubeide_1.10.1/stm32cubeide/plugins/com.st.stm32cube.ide.mcu.externaltools.gnu-tools-for-stm32.10.3-2021.10.win32_1.0.0.202111181127/tools/bin/../lib/gcc/arm-none-eabi/10.3.1/../../../../arm-none-eabi/lib/thumb/v7e-m+fp/hard\libc_nano.a(lib_a-nano-freer.o)
                0x000000000800abe8                _free_r
 .text.__sfputc_r
                0x000000000800ac80       0x2e c:/program files/stm32cubeide_1.10.1/stm32cubeide/plugins/com.st.stm32cube.ide.mcu.externaltools.gnu-tools-for-stm32.10.3-2021.10.win32_1.0.0.202111181127/tools/bin/../lib/gcc/arm-none-eabi/10.3.1/../../../../arm-none-eabi/lib/thumb/v7e-m+fp/hard\libc_nano.a(lib_a-nano-vfprintf.o)
 .text.__sfputs_r
                0x000000000800acae       0x24 c:/program files/stm32cubeide_1.10.1/stm32cubeide/plugins/com.st.stm32cube.ide.mcu.externaltools.gnu-tools-for-stm32.10.3-2021.10.win32_1.0.0.202111181127/tools/bin/../lib/gcc/arm-none-eabi/10.3.1/../../../../arm-none-eabi/lib/thumb/v7e-m+fp/hard\libc_nano.a(lib_a-nano-vfprintf.o)
                0x000000000800acae                __sfputs_r
 *fill*         0x000000000800acd2        0x2 
 .text._vfprintf_r
                0x000000000800acd4      0x260 c:/program files/stm32cubeide_1.10.1/stm32cubeide/plugins/com.st.stm32cube.ide.mcu.externaltools.gnu-tools-for-stm32.10.3-2021.10.win32_1.0.0.202111181127/tools/bin/../lib/gcc/arm-none-eabi/10.3.1/../../../../arm-none-eabi/lib/thumb/v7e-m+fp/hard\libc_nano.a(lib_a-nano-vfprintf.o)
                0x000000000800acd4                _vfprintf_r
                0x000000000800acd4                _vfiprintf_r
 .text._read_r  0x000000000800af34       0x24 c:/program files/stm32cubeide_1.10.1/stm32cubeide/plugins/com.st.stm32cube.ide.mcu.externaltools.gnu-tools-for-stm32.10.3-2021.10.win32_1.0.0.202111181127/tools/bin/../lib/gcc/arm-none-eabi/10.3.1/../../../../arm-none-eabi/lib/thumb/v7e-m+fp/hard\libc_nano.a(lib_a-readr.o)
                0x000000000800af34                _read_r
 .text.abort    0x000000000800af58        0xe c:/program files/stm32cubeide_1.10.1/stm32cubeide/plugins/com.st.stm32cube.ide.mcu.externaltools.gnu-tools-for-stm32.10.3-2021.10.win32_1.0.0.202111181127/tools/bin/../lib/gcc/arm-none-eabi/10.3.1/../../../../arm-none-eabi/lib/thumb/v7e-m+fp/hard\libc_nano.a(lib_a-abort.o)
                0x000000000800af58                abort
 *fill*         0x000000000800af66        0x2 
 .text._fstat_r
                0x000000000800af68       0x24 c:/program files/stm32cubeide_1.10.1/stm32cubeide/plugins/com.st.stm32cube.ide.mcu.externaltools.gnu-tools-for-stm32.10.3-2021.10.win32_1.0.0.202111181127/tools/bin/../lib/gcc/arm-none-eabi/10.3.1/../../../../arm-none-eabi/lib/thumb/v7e-m+fp/hard\libc_nano.a(lib_a-fstatr.o)
                0x000000000800af68                _fstat_r
 .text._isatty_r
                0x000000000800af8c       0x20 c:/program files/stm32cubeide_1.10.1/stm32cubeide/plugins/com.st.stm32cube.ide.mcu.externaltools.gnu-tools-for-stm32.10.3-2021.10.win32_1.0.0.202111181127/tools/bin/../lib/gcc/arm-none-eabi/10.3.1/../../../../arm-none-eabi/lib/thumb/v7e-m+fp/hard\libc_nano.a(lib_a-isattyr.o)
                0x000000000800af8c                _isatty_r
 .text.__ascii_mbtowc
                0x000000000800afac       0x24 c:/program files/stm32cubeide_1.10.1/stm32cubeide/plugins/com.st.stm32cube.ide.mcu.externaltools.gnu-tools-for-stm32.10.3-2021.10.win32_1.0.0.202111181127/tools/bin/../lib/gcc/arm-none-eabi/10.3.1/../../../../arm-none-eabi/lib/thumb/v7e-m+fp/hard\libc_nano.a(lib_a-mbtowc_r.o)
                0x000000000800afac                __ascii_mbtowc
 .text._raise_r
                0x000000000800afd0       0x50 c:/program files/stm32cubeide_1.10.1/stm32cubeide/plugins/com.st.stm32cube.ide.mcu.externaltools.gnu-tools-for-stm32.10.3-2021.10.win32_1.0.0.202111181127/tools/bin/../lib/gcc/arm-none-eabi/10.3.1/../../../../arm-none-eabi/lib/thumb/v7e-m+fp/hard\libc_nano.a(lib_a-signal.o)
                0x000000000800afd0                _raise_r
 .text.raise    0x000000000800b020       0x10 c:/program files/stm32cubeide_1.10.1/stm32cubeide/plugins/com.st.stm32cube.ide.mcu.externaltools.gnu-tools-for-stm32.10.3-2021.10.win32_1.0.0.202111181127/tools/bin/../lib/gcc/arm-none-eabi/10.3.1/../../../../arm-none-eabi/lib/thumb/v7e-m+fp/hard\libc_nano.a(lib_a-signal.o)
                0x000000000800b020                raise
 .text._kill_r  0x000000000800b030       0x24 c:/program files/stm32cubeide_1.10.1/stm32cubeide/plugins/com.st.stm32cube.ide.mcu.externaltools.gnu-tools-for-stm32.10.3-2021.10.win32_1.0.0.202111181127/tools/bin/../lib/gcc/arm-none-eabi/10.3.1/../../../../arm-none-eabi/lib/thumb/v7e-m+fp/hard\libc_nano.a(lib_a-signalr.o)
                0x000000000800b030                _kill_r
 .text._getpid_r
                0x000000000800b054        0x4 c:/program files/stm32cubeide_1.10.1/stm32cubeide/plugins/com.st.stm32cube.ide.mcu.externaltools.gnu-tools-for-stm32.10.3-2021.10.win32_1.0.0.202111181127/tools/bin/../lib/gcc/arm-none-eabi/10.3.1/../../../../arm-none-eabi/lib/thumb/v7e-m+fp/hard\libc_nano.a(lib_a-signalr.o)
                0x000000000800b054                _getpid_r
 .text.__ascii_wctomb
                0x000000000800b058       0x1a c:/program files/stm32cubeide_1.10.1/stm32cubeide/plugins/com.st.stm32cube.ide.mcu.externaltools.gnu-tools-for-stm32.10.3-2021.10.win32_1.0.0.202111181127/tools/bin/../lib/gcc/arm-none-eabi/10.3.1/../../../../arm-none-eabi/lib/thumb/v7e-m+fp/hard\libc_nano.a(lib_a-wctomb_r.o)
                0x000000000800b058                __ascii_wctomb
 *(.glue_7)
 .glue_7        0x000000000800b072        0x0 linker stubs
 *(.glue_7t)
 .glue_7t       0x000000000800b072        0x0 linker stubs
 *(.eh_frame)
 *fill*         0x000000000800b072        0x2 
 .eh_frame      0x000000000800b074        0x0 c:/program files/stm32cubeide_1.10.1/stm32cubeide/plugins/com.st.stm32cube.ide.mcu.externaltools.gnu-tools-for-stm32.10.3-2021.10.win32_1.0.0.202111181127/tools/bin/../lib/gcc/arm-none-eabi/10.3.1/thumb/v7e-m+fp/hard/crtbegin.o
 *(.init)
 .init          0x000000000800b074        0x4 c:/program files/stm32cubeide_1.10.1/stm32cubeide/plugins/com.st.stm32cube.ide.mcu.externaltools.gnu-tools-for-stm32.10.3-2021.10.win32_1.0.0.202111181127/tools/bin/../lib/gcc/arm-none-eabi/10.3.1/thumb/v7e-m+fp/hard/crti.o
                0x000000000800b074                _init
 .init          0x000000000800b078        0x8 c:/program files/stm32cubeide_1.10.1/stm32cubeide/plugins/com.st.stm32cube.ide.mcu.externaltools.gnu-tools-for-stm32.10.3-2021.10.win32_1.0.0.202111181127/tools/bin/../lib/gcc/arm-none-eabi/10.3.1/thumb/v7e-m+fp/hard/crtn.o
 *(.fini)
 .fini          0x000000000800b080        0x4 c:/program files/stm32cubeide_1.10.1/stm32cubeide/plugins/com.st.stm32cube.ide.mcu.externaltools.gnu-tools-for-stm32.10.3-2021.10.win32_1.0.0.202111181127/tools/bin/../lib/gcc/arm-none-eabi/10.3.1/thumb/v7e-m+fp/hard/crti.o
                0x000000000800b080                _fini
 .fini          0x000000000800b084        0x8 c:/program files/stm32cubeide_1.10.1/stm32cubeide/plugins/com.st.stm32cube.ide.mcu.externaltools.gnu-tools-for-stm32.10.3-2021.10.win32_1.0.0.202111181127/tools/bin/../lib/gcc/arm-none-eabi/10.3.1/thumb/v7e-m+fp/hard/crtn.o
                0x000000000800b08c                . = ALIGN (0x4)
                0x000000000800b08c                _etext = .

.vfp11_veneer   0x000000000800b08c        0x0
 .vfp11_veneer  0x000000000800b08c        0x0 linker stubs

.v4_bx          0x000000000800b08c        0x0
 .v4_bx         0x000000000800b08c        0x0 linker stubs

.iplt           0x000000000800b08c        0x0
 .iplt          0x000000000800b08c        0x0 c:/program files/stm32cubeide_1.10.1/stm32cubeide/plugins/com.st.stm32cube.ide.mcu.externaltools.gnu-tools-for-stm32.10.3-2021.10.win32_1.0.0.202111181127/tools/bin/../lib/gcc/arm-none-eabi/10.3.1/thumb/v7e-m+fp/hard/crtbegin.o

.rodata         0x000000000800b090      0x4e8
                0x000000000800b090                . = ALIGN (0x4)
 *(.rodata)
 .rodata        0x000000000800b090       0xbc ./Core/Src/main.o
 .rodata        0x000000000800b14c        0x5 ./Middlewares/Third_Party/FreeRTOS/Source/tasks.o
 *(.rodata*)
 *fill*         0x000000000800b151        0x3 
 .rodata.AHBPrescTable
                0x000000000800b154       0x10 ./Core/Src/system_stm32l4xx.o
                0x000000000800b154                AHBPrescTable
 .rodata.APBPrescTable
                0x000000000800b164        0x8 ./Core/Src/system_stm32l4xx.o
                0x000000000800b164                APBPrescTable
 .rodata.MSIRangeTable
                0x000000000800b16c       0x30 ./Core/Src/system_stm32l4xx.o
                0x000000000800b16c                MSIRangeTable
 .rodata.__sf_fake_stderr
                0x000000000800b19c       0x20 c:/program files/stm32cubeide_1.10.1/stm32cubeide/plugins/com.st.stm32cube.ide.mcu.externaltools.gnu-tools-for-stm32.10.3-2021.10.win32_1.0.0.202111181127/tools/bin/../lib/gcc/arm-none-eabi/10.3.1/../../../../arm-none-eabi/lib/thumb/v7e-m+fp/hard\libc_nano.a(lib_a-findfp.o)
                0x000000000800b19c                __sf_fake_stderr
 .rodata.__sf_fake_stdin
                0x000000000800b1bc       0x20 c:/program files/stm32cubeide_1.10.1/stm32cubeide/plugins/com.st.stm32cube.ide.mcu.externaltools.gnu-tools-for-stm32.10.3-2021.10.win32_1.0.0.202111181127/tools/bin/../lib/gcc/arm-none-eabi/10.3.1/../../../../arm-none-eabi/lib/thumb/v7e-m+fp/hard\libc_nano.a(lib_a-findfp.o)
                0x000000000800b1bc                __sf_fake_stdin
 .rodata.__sf_fake_stdout
                0x000000000800b1dc       0x20 c:/program files/stm32cubeide_1.10.1/stm32cubeide/plugins/com.st.stm32cube.ide.mcu.externaltools.gnu-tools-for-stm32.10.3-2021.10.win32_1.0.0.202111181127/tools/bin/../lib/gcc/arm-none-eabi/10.3.1/../../../../arm-none-eabi/lib/thumb/v7e-m+fp/hard\libc_nano.a(lib_a-findfp.o)
                0x000000000800b1dc                __sf_fake_stdout
 .rodata._global_impure_ptr
                0x000000000800b1fc        0x4 c:/program files/stm32cubeide_1.10.1/stm32cubeide/plugins/com.st.stm32cube.ide.mcu.externaltools.gnu-tools-for-stm32.10.3-2021.10.win32_1.0.0.202111181127/tools/bin/../lib/gcc/arm-none-eabi/10.3.1/../../../../arm-none-eabi/lib/thumb/v7e-m+fp/hard\libc_nano.a(lib_a-impure.o)
                0x000000000800b1fc                _global_impure_ptr
 .rodata._printf_float.str1.1
                0x000000000800b200       0x12 c:/program files/stm32cubeide_1.10.1/stm32cubeide/plugins/com.st.stm32cube.ide.mcu.externaltools.gnu-tools-for-stm32.10.3-2021.10.win32_1.0.0.202111181127/tools/bin/../lib/gcc/arm-none-eabi/10.3.1/../../../../arm-none-eabi/lib/thumb/v7e-m+fp/hard\libc_nano.a(lib_a-nano-vfprintf_float.o)
 .rodata._printf_i.str1.1
                0x000000000800b212       0x22 c:/program files/stm32cubeide_1.10.1/stm32cubeide/plugins/com.st.stm32cube.ide.mcu.externaltools.gnu-tools-for-stm32.10.3-2021.10.win32_1.0.0.202111181127/tools/bin/../lib/gcc/arm-none-eabi/10.3.1/../../../../arm-none-eabi/lib/thumb/v7e-m+fp/hard\libc_nano.a(lib_a-nano-vfprintf_i.o)
 .rodata.__assert_func.str1.1
                0x000000000800b234       0x3c c:/program files/stm32cubeide_1.10.1/stm32cubeide/plugins/com.st.stm32cube.ide.mcu.externaltools.gnu-tools-for-stm32.10.3-2021.10.win32_1.0.0.202111181127/tools/bin/../lib/gcc/arm-none-eabi/10.3.1/../../../../arm-none-eabi/lib/thumb/v7e-m+fp/hard\libc_nano.a(lib_a-assert.o)
                                         0x3d (size before relaxing)
 .rodata._dtoa_r.str1.1
                0x000000000800b270       0x90 c:/program files/stm32cubeide_1.10.1/stm32cubeide/plugins/com.st.stm32cube.ide.mcu.externaltools.gnu-tools-for-stm32.10.3-2021.10.win32_1.0.0.202111181127/tools/bin/../lib/gcc/arm-none-eabi/10.3.1/../../../../arm-none-eabi/lib/thumb/v7e-m+fp/hard\libc_nano.a(lib_a-dtoa.o)
                                         0x92 (size before relaxing)
 .rodata._Balloc.str1.1
                0x000000000800b300       0x5c c:/program files/stm32cubeide_1.10.1/stm32cubeide/plugins/com.st.stm32cube.ide.mcu.externaltools.gnu-tools-for-stm32.10.3-2021.10.win32_1.0.0.202111181127/tools/bin/../lib/gcc/arm-none-eabi/10.3.1/../../../../arm-none-eabi/lib/thumb/v7e-m+fp/hard\libc_nano.a(lib_a-mprec.o)
                                         0x73 (size before relaxing)
 .rodata.__multadd.str1.1
                0x000000000800b35c       0x11 c:/program files/stm32cubeide_1.10.1/stm32cubeide/plugins/com.st.stm32cube.ide.mcu.externaltools.gnu-tools-for-stm32.10.3-2021.10.win32_1.0.0.202111181127/tools/bin/../lib/gcc/arm-none-eabi/10.3.1/../../../../arm-none-eabi/lib/thumb/v7e-m+fp/hard\libc_nano.a(lib_a-mprec.o)
 *fill*         0x000000000800b35c        0x4 
 .rodata.__mprec_bigtens
                0x000000000800b360       0x28 c:/program files/stm32cubeide_1.10.1/stm32cubeide/plugins/com.st.stm32cube.ide.mcu.externaltools.gnu-tools-for-stm32.10.3-2021.10.win32_1.0.0.202111181127/tools/bin/../lib/gcc/arm-none-eabi/10.3.1/../../../../arm-none-eabi/lib/thumb/v7e-m+fp/hard\libc_nano.a(lib_a-mprec.o)
                0x000000000800b360                __mprec_bigtens
 .rodata.__mprec_tens
                0x000000000800b388       0xc8 c:/program files/stm32cubeide_1.10.1/stm32cubeide/plugins/com.st.stm32cube.ide.mcu.externaltools.gnu-tools-for-stm32.10.3-2021.10.win32_1.0.0.202111181127/tools/bin/../lib/gcc/arm-none-eabi/10.3.1/../../../../arm-none-eabi/lib/thumb/v7e-m+fp/hard\libc_nano.a(lib_a-mprec.o)
                0x000000000800b388                __mprec_tens
 .rodata.p05.0  0x000000000800b450        0xc c:/program files/stm32cubeide_1.10.1/stm32cubeide/plugins/com.st.stm32cube.ide.mcu.externaltools.gnu-tools-for-stm32.10.3-2021.10.win32_1.0.0.202111181127/tools/bin/../lib/gcc/arm-none-eabi/10.3.1/../../../../arm-none-eabi/lib/thumb/v7e-m+fp/hard\libc_nano.a(lib_a-mprec.o)
 .rodata._vfprintf_r.str1.1
                0x000000000800b45c       0x11 c:/program files/stm32cubeide_1.10.1/stm32cubeide/plugins/com.st.stm32cube.ide.mcu.externaltools.gnu-tools-for-stm32.10.3-2021.10.win32_1.0.0.202111181127/tools/bin/../lib/gcc/arm-none-eabi/10.3.1/../../../../arm-none-eabi/lib/thumb/v7e-m+fp/hard\libc_nano.a(lib_a-nano-vfprintf.o)
 .rodata._setlocale_r.str1.1
                0x000000000800b46d        0x8 c:/program files/stm32cubeide_1.10.1/stm32cubeide/plugins/com.st.stm32cube.ide.mcu.externaltools.gnu-tools-for-stm32.10.3-2021.10.win32_1.0.0.202111181127/tools/bin/../lib/gcc/arm-none-eabi/10.3.1/../../../../arm-none-eabi/lib/thumb/v7e-m+fp/hard\libc_nano.a(lib_a-locale.o)
                                          0x9 (size before relaxing)
 .rodata.str1.1
                0x000000000800b475        0x2 c:/program files/stm32cubeide_1.10.1/stm32cubeide/plugins/com.st.stm32cube.ide.mcu.externaltools.gnu-tools-for-stm32.10.3-2021.10.win32_1.0.0.202111181127/tools/bin/../lib/gcc/arm-none-eabi/10.3.1/../../../../arm-none-eabi/lib/thumb/v7e-m+fp/hard\libc_nano.a(lib_a-locale.o)
 .rodata._ctype_
                0x000000000800b477      0x101 c:/program files/stm32cubeide_1.10.1/stm32cubeide/plugins/com.st.stm32cube.ide.mcu.externaltools.gnu-tools-for-stm32.10.3-2021.10.win32_1.0.0.202111181127/tools/bin/../lib/gcc/arm-none-eabi/10.3.1/../../../../arm-none-eabi/lib/thumb/v7e-m+fp/hard\libc_nano.a(lib_a-ctype_.o)
                0x000000000800b477                _ctype_
                0x000000000800b578                . = ALIGN (0x4)

.ARM.extab      0x000000000800b578        0x0
                0x000000000800b578                . = ALIGN (0x4)
 *(.ARM.extab* .gnu.linkonce.armextab.*)
                0x000000000800b578                . = ALIGN (0x4)

.ARM            0x000000000800b578        0x8
                0x000000000800b578                . = ALIGN (0x4)
                0x000000000800b578                __exidx_start = .
 *(.ARM.exidx*)
 .ARM.exidx     0x000000000800b578        0x8 c:/program files/stm32cubeide_1.10.1/stm32cubeide/plugins/com.st.stm32cube.ide.mcu.externaltools.gnu-tools-for-stm32.10.3-2021.10.win32_1.0.0.202111181127/tools/bin/../lib/gcc/arm-none-eabi/10.3.1/thumb/v7e-m+fp/hard\libgcc.a(_udivmoddi4.o)
                0x000000000800b580                __exidx_end = .
                0x000000000800b580                . = ALIGN (0x4)

.rel.dyn        0x000000000800b580        0x0
 .rel.iplt      0x000000000800b580        0x0 c:/program files/stm32cubeide_1.10.1/stm32cubeide/plugins/com.st.stm32cube.ide.mcu.externaltools.gnu-tools-for-stm32.10.3-2021.10.win32_1.0.0.202111181127/tools/bin/../lib/gcc/arm-none-eabi/10.3.1/thumb/v7e-m+fp/hard/crtbegin.o

.preinit_array  0x000000000800b580        0x0
                0x000000000800b580                . = ALIGN (0x4)
                0x000000000800b580                PROVIDE (__preinit_array_start = .)
 *(.preinit_array*)
                0x000000000800b580                PROVIDE (__preinit_array_end = .)
                0x000000000800b580                . = ALIGN (0x4)

.init_array     0x000000000800b580        0x4
                0x000000000800b580                . = ALIGN (0x4)
                0x000000000800b580                PROVIDE (__init_array_start = .)
 *(SORT_BY_NAME(.init_array.*))
 *(.init_array*)