../Core/Src/main.c:82:5:main	128	static
../Core/Src/main.c:168:6:SystemClock_Config	96	static
../Core/Src/main.c:223:13:MX_I2C2_Init	8	static
../Core/Src/main.c:271:13:MX_USART1_UART_Init	8	static
../Core/Src/main.c:306:13:MX_GPIO_Init	48	static
../Core/Src/main.c:349:6:StartDefaultTask	24	static
../Core/Src/main.c:381:6:StartBlinkLed	32	static
../Core/Src/main.c:417:6:Start_RnT_Sensor	16	static
../Core/Src/main.c:436:6:StartInt_But	24	static
../Core/Src/main.c:485:6:HAL_TIM_PeriodElapsedCallback	16	static
../Core/Src/main.c:502:6:Error_Handler	4	static,ignoring_inline_asm
