../Core/Src/main.c:79:1:__io_putchar	16	static
../Core/Src/main.c:96:5:main	128	static
../Core/Src/main.c:184:6:SystemClock_Config	96	static
../Core/Src/main.c:239:13:MX_I2C2_Init	8	static
../Core/Src/main.c:287:13:MX_USART1_UART_Init	32	static
../Core/Src/main.c:329:13:MX_GPIO_Init	48	static
../Core/Src/main.c:372:6:StartDefaultTask	24	static
../Core/Src/main.c:396:6:StartBlinkLed	32	static
../Core/Src/main.c:437:6:Start_RnT_Sensor	56	static
../Core/Src/main.c:476:6:StartInt_But	24	static
../Core/Src/main.c:525:6:HAL_TIM_PeriodElapsedCallback	16	static
../Core/Src/main.c:542:6:Error_Handler	4	static,ignoring_inline_asm
